14:13:16 **** Build of project Lab02_bsp ****
make -k all 
"Running Make include in ps7_cortexa9_0/libsrc/coresightps_dcc_v1_4/src"
make -C ps7_cortexa9_0/libsrc/coresightps_dcc_v1_4/src -s include  "SHELL=CMD" "COMPILER=arm-none-eabi-gcc" "ARCHIVER=arm-none-eabi-ar" "COMPILER_FLAGS=  -O2 -c" "EXTRA_COMPILER_FLAGS=-mcpu=cortex-a9 -mfpu=vfpv3 -mfloat-abi=hard -nostartfiles -g -Wall -Wextra"
"Running Make include in ps7_cortexa9_0/libsrc/cpu_cortexa9_v2_7/src"
make -C ps7_cortexa9_0/libsrc/cpu_cortexa9_v2_7/src -s include  "SHELL=CMD" "COMPILER=arm-none-eabi-gcc" "ARCHIVER=arm-none-eabi-ar" "COMPILER_FLAGS=  -O2 -c" "EXTRA_COMPILER_FLAGS=-mcpu=cortex-a9 -mfpu=vfpv3 -mfloat-abi=hard -nostartfiles -g -Wall -Wextra"
"Running Make include in ps7_cortexa9_0/libsrc/ddrps_v1_0/src"
make -C ps7_cortexa9_0/libsrc/ddrps_v1_0/src -s include  "SHELL=CMD" "COMPILER=arm-none-eabi-gcc" "ARCHIVER=arm-none-eabi-ar" "COMPILER_FLAGS=  -O2 -c" "EXTRA_COMPILER_FLAGS=-mcpu=cortex-a9 -mfpu=vfpv3 -mfloat-abi=hard -nostartfiles -g -Wall -Wextra"
"Running Make include in ps7_cortexa9_0/libsrc/devcfg_v3_5/src"
make -C ps7_cortexa9_0/libsrc/devcfg_v3_5/src -s include  "SHELL=CMD" "COMPILER=arm-none-eabi-gcc" "ARCHIVER=arm-none-eabi-ar" "COMPILER_FLAGS=  -O2 -c" "EXTRA_COMPILER_FLAGS=-mcpu=cortex-a9 -mfpu=vfpv3 -mfloat-abi=hard -nostartfiles -g -Wall -Wextra"
"Running Make include in ps7_cortexa9_0/libsrc/dmaps_v2_4/src"
make -C ps7_cortexa9_0/libsrc/dmaps_v2_4/src -s include  "SHELL=CMD" "COMPILER=arm-none-eabi-gcc" "ARCHIVER=arm-none-eabi-ar" "COMPILER_FLAGS=  -O2 -c" "EXTRA_COMPILER_FLAGS=-mcpu=cortex-a9 -mfpu=vfpv3 -mfloat-abi=hard -nostartfiles -g -Wall -Wextra"
"Running Make include in ps7_cortexa9_0/libsrc/emacps_v3_8/src"
make -C ps7_cortexa9_0/libsrc/emacps_v3_8/src -s include  "SHELL=CMD" "COMPILER=arm-none-eabi-gcc" "ARCHIVER=arm-none-eabi-ar" "COMPILER_FLAGS=  -O2 -c" "EXTRA_COMPILER_FLAGS=-mcpu=cortex-a9 -mfpu=vfpv3 -mfloat-abi=hard -nostartfiles -g -Wall -Wextra"
"Running Make include in ps7_cortexa9_0/libsrc/gpiops_v3_4/src"
make -C ps7_cortexa9_0/libsrc/gpiops_v3_4/src -s include  "SHELL=CMD" "COMPILER=arm-none-eabi-gcc" "ARCHIVER=arm-none-eabi-ar" "COMPILER_FLAGS=  -O2 -c" "EXTRA_COMPILER_FLAGS=-mcpu=cortex-a9 -mfpu=vfpv3 -mfloat-abi=hard -nostartfiles -g -Wall -Wextra"
"Running Make include in ps7_cortexa9_0/libsrc/qspips_v3_5/src"
make -C ps7_cortexa9_0/libsrc/qspips_v3_5/src -s include  "SHELL=CMD" "COMPILER=arm-none-eabi-gcc" "ARCHIVER=arm-none-eabi-ar" "COMPILER_FLAGS=  -O2 -c" "EXTRA_COMPILER_FLAGS=-mcpu=cortex-a9 -mfpu=vfpv3 -mfloat-abi=hard -nostartfiles -g -Wall -Wextra"
"Running Make include in ps7_cortexa9_0/libsrc/scugic_v3_10/src"
make -C ps7_cortexa9_0/libsrc/scugic_v3_10/src -s include  "SHELL=CMD" "COMPILER=arm-none-eabi-gcc" "ARCHIVER=arm-none-eabi-ar" "COMPILER_FLAGS=  -O2 -c" "EXTRA_COMPILER_FLAGS=-mcpu=cortex-a9 -mfpu=vfpv3 -mfloat-abi=hard -nostartfiles -g -Wall -Wextra"
"Running Make include in ps7_cortexa9_0/libsrc/scutimer_v2_1/src"
make -C ps7_cortexa9_0/libsrc/scutimer_v2_1/src -s include  "SHELL=CMD" "COMPILER=arm-none-eabi-gcc" "ARCHIVER=arm-none-eabi-ar" "COMPILER_FLAGS=  -O2 -c" "EXTRA_COMPILER_FLAGS=-mcpu=cortex-a9 -mfpu=vfpv3 -mfloat-abi=hard -nostartfiles -g -Wall -Wextra"
"Running Make include in ps7_cortexa9_0/libsrc/scuwdt_v2_1/src"
make -C ps7_cortexa9_0/libsrc/scuwdt_v2_1/src -s include  "SHELL=CMD" "COMPILER=arm-none-eabi-gcc" "ARCHIVER=arm-none-eabi-ar" "COMPILER_FLAGS=  -O2 -c" "EXTRA_COMPILER_FLAGS=-mcpu=cortex-a9 -mfpu=vfpv3 -mfloat-abi=hard -nostartfiles -g -Wall -Wextra"
"Running Make include in ps7_cortexa9_0/libsrc/sdps_v3_6/src"
make -C ps7_cortexa9_0/libsrc/sdps_v3_6/src -s include  "SHELL=CMD" "COMPILER=arm-none-eabi-gcc" "ARCHIVER=arm-none-eabi-ar" "COMPILER_FLAGS=  -O2 -c" "EXTRA_COMPILER_FLAGS=-mcpu=cortex-a9 -mfpu=vfpv3 -mfloat-abi=hard -nostartfiles -g -Wall -Wextra"
"Running Make include in ps7_cortexa9_0/libsrc/standalone_v6_8/src"
make -C ps7_cortexa9_0/libsrc/standalone_v6_8/src -s include  "SHELL=CMD" "COMPILER=arm-none-eabi-gcc" "ARCHIVER=arm-none-eabi-ar" "COMPILER_FLAGS=  -O2 -c" "EXTRA_COMPILER_FLAGS=-mcpu=cortex-a9 -mfpu=vfpv3 -mfloat-abi=hard -nostartfiles -g -Wall -Wextra"
"Running Make include in ps7_cortexa9_0/libsrc/uartps_v3_7/src"
make -C ps7_cortexa9_0/libsrc/uartps_v3_7/src -s include  "SHELL=CMD" "COMPILER=arm-none-eabi-gcc" "ARCHIVER=arm-none-eabi-ar" "COMPILER_FLAGS=  -O2 -c" "EXTRA_COMPILER_FLAGS=-mcpu=cortex-a9 -mfpu=vfpv3 -mfloat-abi=hard -nostartfiles -g -Wall -Wextra"
"Running Make include in ps7_cortexa9_0/libsrc/usbps_v2_4/src"
make -C ps7_cortexa9_0/libsrc/usbps_v2_4/src -s include  "SHELL=CMD" "COMPILER=arm-none-eabi-gcc" "ARCHIVER=arm-none-eabi-ar" "COMPILER_FLAGS=  -O2 -c" "EXTRA_COMPILER_FLAGS=-mcpu=cortex-a9 -mfpu=vfpv3 -mfloat-abi=hard -nostartfiles -g -Wall -Wextra"
"Running Make include in ps7_cortexa9_0/libsrc/xadcps_v2_3/src"
make -C ps7_cortexa9_0/libsrc/xadcps_v2_3/src -s include  "SHELL=CMD" "COMPILER=arm-none-eabi-gcc" "ARCHIVER=arm-none-eabi-ar" "COMPILER_FLAGS=  -O2 -c" "EXTRA_COMPILER_FLAGS=-mcpu=cortex-a9 -mfpu=vfpv3 -mfloat-abi=hard -nostartfiles -g -Wall -Wextra"
"Running Make libs in ps7_cortexa9_0/libsrc/coresightps_dcc_v1_4/src"
make -C ps7_cortexa9_0/libsrc/coresightps_dcc_v1_4/src -s libs  "SHELL=CMD" "COMPILER=arm-none-eabi-gcc" "ARCHIVER=arm-none-eabi-ar" "COMPILER_FLAGS=  -O2 -c" "EXTRA_COMPILER_FLAGS=-mcpu=cortex-a9 -mfpu=vfpv3 -mfloat-abi=hard -nostartfiles -g -Wall -Wextra"
"Compiling coresightps_dcc"
arm-none-eabi-ar: creating ../../../lib/libxil.a
"Running Make libs in ps7_cortexa9_0/libsrc/cpu_cortexa9_v2_7/src"
make -C ps7_cortexa9_0/libsrc/cpu_cortexa9_v2_7/src -s libs  "SHELL=CMD" "COMPILER=arm-none-eabi-gcc" "ARCHIVER=arm-none-eabi-ar" "COMPILER_FLAGS=  -O2 -c" "EXTRA_COMPILER_FLAGS=-mcpu=cortex-a9 -mfpu=vfpv3 -mfloat-abi=hard -nostartfiles -g -Wall -Wextra"
"Compiling cpu_cortexa9"
"Running Make libs in ps7_cortexa9_0/libsrc/ddrps_v1_0/src"
make -C ps7_cortexa9_0/libsrc/ddrps_v1_0/src -s libs  "SHELL=CMD" "COMPILER=arm-none-eabi-gcc" "ARCHIVER=arm-none-eabi-ar" "COMPILER_FLAGS=  -O2 -c" "EXTRA_COMPILER_FLAGS=-mcpu=cortex-a9 -mfpu=vfpv3 -mfloat-abi=hard -nostartfiles -g -Wall -Wextra"
"Compiling ddrps"
"Running Make libs in ps7_cortexa9_0/libsrc/devcfg_v3_5/src"
make -C ps7_cortexa9_0/libsrc/devcfg_v3_5/src -s libs  "SHELL=CMD" "COMPILER=arm-none-eabi-gcc" "ARCHIVER=arm-none-eabi-ar" "COMPILER_FLAGS=  -O2 -c" "EXTRA_COMPILER_FLAGS=-mcpu=cortex-a9 -mfpu=vfpv3 -mfloat-abi=hard -nostartfiles -g -Wall -Wextra"
"Compiling devcfg"
"Running Make libs in ps7_cortexa9_0/libsrc/dmaps_v2_4/src"
make -C ps7_cortexa9_0/libsrc/dmaps_v2_4/src -s libs  "SHELL=CMD" "COMPILER=arm-none-eabi-gcc" "ARCHIVER=arm-none-eabi-ar" "COMPILER_FLAGS=  -O2 -c" "EXTRA_COMPILER_FLAGS=-mcpu=cortex-a9 -mfpu=vfpv3 -mfloat-abi=hard -nostartfiles -g -Wall -Wextra"
"Compiling dmaps"
"Running Make libs in ps7_cortexa9_0/libsrc/emacps_v3_8/src"
make -C ps7_cortexa9_0/libsrc/emacps_v3_8/src -s libs  "SHELL=CMD" "COMPILER=arm-none-eabi-gcc" "ARCHIVER=arm-none-eabi-ar" "COMPILER_FLAGS=  -O2 -c" "EXTRA_COMPILER_FLAGS=-mcpu=cortex-a9 -mfpu=vfpv3 -mfloat-abi=hard -nostartfiles -g -Wall -Wextra"
"Compiling emacps"
"Running Make libs in ps7_cortexa9_0/libsrc/gpiops_v3_4/src"
make -C ps7_cortexa9_0/libsrc/gpiops_v3_4/src -s libs  "SHELL=CMD" "COMPILER=arm-none-eabi-gcc" "ARCHIVER=arm-none-eabi-ar" "COMPILER_FLAGS=  -O2 -c" "EXTRA_COMPILER_FLAGS=-mcpu=cortex-a9 -mfpu=vfpv3 -mfloat-abi=hard -nostartfiles -g -Wall -Wextra"
"Compiling gpiops"
"Running Make libs in ps7_cortexa9_0/libsrc/qspips_v3_5/src"
make -C ps7_cortexa9_0/libsrc/qspips_v3_5/src -s libs  "SHELL=CMD" "COMPILER=arm-none-eabi-gcc" "ARCHIVER=arm-none-eabi-ar" "COMPILER_FLAGS=  -O2 -c" "EXTRA_COMPILER_FLAGS=-mcpu=cortex-a9 -mfpu=vfpv3 -mfloat-abi=hard -nostartfiles -g -Wall -Wextra"
"Compiling qspips"
"Running Make libs in ps7_cortexa9_0/libsrc/scugic_v3_10/src"
make -C ps7_cortexa9_0/libsrc/scugic_v3_10/src -s libs  "SHELL=CMD" "COMPILER=arm-none-eabi-gcc" "ARCHIVER=arm-none-eabi-ar" "COMPILER_FLAGS=  -O2 -c" "EXTRA_COMPILER_FLAGS=-mcpu=cortex-a9 -mfpu=vfpv3 -mfloat-abi=hard -nostartfiles -g -Wall -Wextra"
"Compiling scugic"
"Running Make libs in ps7_cortexa9_0/libsrc/scutimer_v2_1/src"
make -C ps7_cortexa9_0/libsrc/scutimer_v2_1/src -s libs  "SHELL=CMD" "COMPILER=arm-none-eabi-gcc" "ARCHIVER=arm-none-eabi-ar" "COMPILER_FLAGS=  -O2 -c" "EXTRA_COMPILER_FLAGS=-mcpu=cortex-a9 -mfpu=vfpv3 -mfloat-abi=hard -nostartfiles -g -Wall -Wextra"
"Compiling scutimer"
"Running Make libs in ps7_cortexa9_0/libsrc/scuwdt_v2_1/src"
make -C ps7_cortexa9_0/libsrc/scuwdt_v2_1/src -s libs  "SHELL=CMD" "COMPILER=arm-none-eabi-gcc" "ARCHIVER=arm-none-eabi-ar" "COMPILER_FLAGS=  -O2 -c" "EXTRA_COMPILER_FLAGS=-mcpu=cortex-a9 -mfpu=vfpv3 -mfloat-abi=hard -nostartfiles -g -Wall -Wextra"
"Compiling scuwdt"
"Running Make libs in ps7_cortexa9_0/libsrc/sdps_v3_6/src"
make -C ps7_cortexa9_0/libsrc/sdps_v3_6/src -s libs  "SHELL=CMD" "COMPILER=arm-none-eabi-gcc" "ARCHIVER=arm-none-eabi-ar" "COMPILER_FLAGS=  -O2 -c" "EXTRA_COMPILER_FLAGS=-mcpu=cortex-a9 -mfpu=vfpv3 -mfloat-abi=hard -nostartfiles -g -Wall -Wextra"
"Compiling sdps"
"Running Make libs in ps7_cortexa9_0/libsrc/standalone_v6_8/src"
make -C ps7_cortexa9_0/libsrc/standalone_v6_8/src -s libs  "SHELL=CMD" "COMPILER=arm-none-eabi-gcc" "ARCHIVER=arm-none-eabi-ar" "COMPILER_FLAGS=  -O2 -c" "EXTRA_COMPILER_FLAGS=-mcpu=cortex-a9 -mfpu=vfpv3 -mfloat-abi=hard -nostartfiles -g -Wall -Wextra"
"Compiling standalone"
In file included from usleep.c:56:0:
xtime_l.h:87:9: note: #pragma message: For the sleep routines, Global timer is being used
 #pragma message ("For the sleep routines, Global timer is being used")
         ^~~~~~~
In file included from xil_sleeptimer.c:51:0:
xtime_l.h:87:9: note: #pragma message: For the sleep routines, Global timer is being used
 #pragma message ("For the sleep routines, Global timer is being used")
         ^~~~~~~
In file included from xtime_l.c:49:0:
xtime_l.h:87:9: note: #pragma message: For the sleep routines, Global timer is being used
 #pragma message ("For the sleep routines, Global timer is being used")
         ^~~~~~~
In file included from sleep.c:53:0:
xtime_l.h:87:9: note: #pragma message: For the sleep routines, Global timer is being used
 #pragma message ("For the sleep routines, Global timer is being used")
         ^~~~~~~
"Running Make libs in ps7_cortexa9_0/libsrc/uartps_v3_7/src"
make -C ps7_cortexa9_0/libsrc/uartps_v3_7/src -s libs  "SHELL=CMD" "COMPILER=arm-none-eabi-gcc" "ARCHIVER=arm-none-eabi-ar" "COMPILER_FLAGS=  -O2 -c" "EXTRA_COMPILER_FLAGS=-mcpu=cortex-a9 -mfpu=vfpv3 -mfloat-abi=hard -nostartfiles -g -Wall -Wextra"
"Compiling uartps"
"Running Make libs in ps7_cortexa9_0/libsrc/usbps_v2_4/src"
make -C ps7_cortexa9_0/libsrc/usbps_v2_4/src -s libs  "SHELL=CMD" "COMPILER=arm-none-eabi-gcc" "ARCHIVER=arm-none-eabi-ar" "COMPILER_FLAGS=  -O2 -c" "EXTRA_COMPILER_FLAGS=-mcpu=cortex-a9 -mfpu=vfpv3 -mfloat-abi=hard -nostartfiles -g -Wall -Wextra"
"Compiling usbps"
"Running Make libs in ps7_cortexa9_0/libsrc/xadcps_v2_3/src"
make -C ps7_cortexa9_0/libsrc/xadcps_v2_3/src -s libs  "SHELL=CMD" "COMPILER=arm-none-eabi-gcc" "ARCHIVER=arm-none-eabi-ar" "COMPILER_FLAGS=  -O2 -c" "EXTRA_COMPILER_FLAGS=-mcpu=cortex-a9 -mfpu=vfpv3 -mfloat-abi=hard -nostartfiles -g -Wall -Wextra"
"Compiling xadcps"
'Finished building libraries'

**** Build of configuration Debug for project ALU ****

Nothing to build for project ALU

**** Build of configuration Debug for project io ****

Nothing to build for project io
14:16:11 **** Auto Build of configuration Debug for project ALU ****
make pre-build main-build 
a9-linaro-pre-build-step
' '
'Building file: ../src/alu.c'
'Invoking: ARM v7 gcc compiler'
arm-none-eabi-gcc -Wall -O0 -g3 -c -fmessage-length=0 -MT"src/alu.o" -mcpu=cortex-a9 -mfpu=vfpv3 -mfloat-abi=hard -I../../Lab02_bsp/ps7_cortexa9_0/include -MMD -MP -MF"src/alu.d" -MT"src/alu.o" -o "src/alu.o" "../src/alu.c"
'Finished building: ../src/alu.c'
' '
'Building target: ALU.elf'
'Invoking: ARM v7 gcc linker'
arm-none-eabi-gcc -mcpu=cortex-a9 -mfpu=vfpv3 -mfloat-abi=hard -Wl,-build-id=none -specs=Xilinx.spec -Wl,-T -Wl,../src/lscript.ld -L../../Lab02_bsp/ps7_cortexa9_0/lib -o "ALU.elf"  ./src/alu.o   -Wl,--start-group,-lxil,-lgcc,-lc,--end-group
../../Lab02_bsp/ps7_cortexa9_0/lib\libxil.a(xil-crt0.o): In function `_start':
C:\Users\kenzm\FPGA\Lab_02\Lab_02.sdk\Lab02_bsp\ps7_cortexa9_0\libsrc\standalone_v6_8\src/xil-crt0.S:138: undefined reference to `main'
collect2.exe: error: ld returned 1 exit status
make: *** [makefile:41: ALU.elf] Error 1
14:29:18 **** Auto Build of configuration Debug for project ALU ****
make pre-build main-build 
a9-linaro-pre-build-step
' '
'Building file: ../src/alu.c'
'Invoking: ARM v7 gcc compiler'
arm-none-eabi-gcc -Wall -O0 -g3 -c -fmessage-length=0 -MT"src/alu.o" -mcpu=cortex-a9 -mfpu=vfpv3 -mfloat-abi=hard -I../../Lab02_bsp/ps7_cortexa9_0/include -MMD -MP -MF"src/alu.d" -MT"src/alu.o" -o "src/alu.o" "../src/alu.c"
../src/alu.c: In function 'main':
../src/alu.c:16:14: warning: assignment makes integer from pointer without a cast [-Wint-conversion]
    regmap[2] = "0100";
              ^
'Finished building: ../src/alu.c'
' '
'Building target: ALU.elf'
'Invoking: ARM v7 gcc linker'
arm-none-eabi-gcc -mcpu=cortex-a9 -mfpu=vfpv3 -mfloat-abi=hard -Wl,-build-id=none -specs=Xilinx.spec -Wl,-T -Wl,../src/lscript.ld -L../../Lab02_bsp/ps7_cortexa9_0/lib -o "ALU.elf"  ./src/alu.o   -Wl,--start-group,-lxil,-lgcc,-lc,--end-group
'Finished building target: ALU.elf'
' '
'Invoking: ARM v7 Print Size'
arm-none-eabi-size ALU.elf  |tee "ALU.elf.size"
   text	   data	    bss	    dec	    hex	filename
  70416	   2580	  23328	  96324	  17844	ALU.elf
'Finished building: ALU.elf.size'
' '
14:30:21 **** Auto Build of configuration Debug for project ALU ****
make pre-build main-build 
a9-linaro-pre-build-step
' '
'Building file: ../src/alu.c'
'Invoking: ARM v7 gcc compiler'
arm-none-eabi-gcc -Wall -O0 -g3 -c -fmessage-length=0 -MT"src/alu.o" -mcpu=cortex-a9 -mfpu=vfpv3 -mfloat-abi=hard -I../../Lab02_bsp/ps7_cortexa9_0/include -MMD -MP -MF"src/alu.d" -MT"src/alu.o" -o "src/alu.o" "../src/alu.c"
../src/alu.c: In function 'main':
../src/alu.c:16:14: warning: assignment makes integer from pointer without a cast [-Wint-conversion]
    regmap[2] = "0100";
              ^
../src/alu.c:22:15: warning: assignment makes integer from pointer without a cast [-Wint-conversion]
     regmap[2] = "0101";
               ^
../src/alu.c:29:1: error: expected declaration or statement at end of input
 }
 ^
make: *** [src/subdir.mk:23: src/alu.o] Error 1
14:31:03 **** Auto Build of configuration Debug for project ALU ****
make pre-build main-build 
a9-linaro-pre-build-step
' '
'Building file: ../src/alu.c'
'Invoking: ARM v7 gcc compiler'
arm-none-eabi-gcc -Wall -O0 -g3 -c -fmessage-length=0 -MT"src/alu.o" -mcpu=cortex-a9 -mfpu=vfpv3 -mfloat-abi=hard -I../../Lab02_bsp/ps7_cortexa9_0/include -MMD -MP -MF"src/alu.d" -MT"src/alu.o" -o "src/alu.o" "../src/alu.c"
../src/alu.c: In function 'main':
../src/alu.c:29:1: error: expected declaration or statement at end of input
 }
 ^
make: *** [src/subdir.mk:23: src/alu.o] Error 1
14:37:38 **** Auto Build of configuration Debug for project ALU ****
make pre-build main-build 
a9-linaro-pre-build-step
' '
'Building file: ../src/alu.c'
'Invoking: ARM v7 gcc compiler'
arm-none-eabi-gcc -Wall -O0 -g3 -c -fmessage-length=0 -MT"src/alu.o" -mcpu=cortex-a9 -mfpu=vfpv3 -mfloat-abi=hard -I../../Lab02_bsp/ps7_cortexa9_0/include -MMD -MP -MF"src/alu.d" -MT"src/alu.o" -o "src/alu.o" "../src/alu.c"
../src/alu.c: In function 'main':
../src/alu.c:24:11: error: redefinition of 'r'
    size_t r = i + j;
           ^
../src/alu.c:17:11: note: previous definition of 'r' was here
    size_t r = i + j;
           ^
../src/alu.c:31:11: error: redefinition of 'r'
    size_t r = i - j;
           ^
../src/alu.c:24:11: note: previous definition of 'r' was here
    size_t r = i + j;
           ^
../src/alu.c:38:11: error: redefinition of 'r'
    size_t r = i - j;
           ^
../src/alu.c:31:11: note: previous definition of 'r' was here
    size_t r = i - j;
           ^
../src/alu.c:45:11: error: redefinition of 'r'
    size_t r = i && j;
           ^
../src/alu.c:38:11: note: previous definition of 'r' was here
    size_t r = i - j;
           ^
../src/alu.c:52:11: error: redefinition of 'r'
    size_t r = i || j;
           ^
../src/alu.c:45:11: note: previous definition of 'r' was here
    size_t r = i && j;
           ^
../src/alu.c:59:11: error: redefinition of 'r'
    size_t r = i^j;
           ^
../src/alu.c:52:11: note: previous definition of 'r' was here
    size_t r = i || j;
           ^
../src/alu.c:66:11: error: redefinition of 'r'
    size_t r = !(i || j);
           ^
../src/alu.c:59:11: note: previous definition of 'r' was here
    size_t r = i^j;
           ^
make: *** [src/subdir.mk:23: src/alu.o] Error 1
14:38:09 **** Auto Build of configuration Debug for project ALU ****
make pre-build main-build 
a9-linaro-pre-build-step
' '
'Building file: ../src/alu.c'
'Invoking: ARM v7 gcc compiler'
arm-none-eabi-gcc -Wall -O0 -g3 -c -fmessage-length=0 -MT"src/alu.o" -mcpu=cortex-a9 -mfpu=vfpv3 -mfloat-abi=hard -I../../Lab02_bsp/ps7_cortexa9_0/include -MMD -MP -MF"src/alu.d" -MT"src/alu.o" -o "src/alu.o" "../src/alu.c"
../src/alu.c: In function 'main':
../src/alu.c:45:11: error: redefinition of 'r'
    size_t r = i && j;
           ^
../src/alu.c:17:11: note: previous definition of 'r' was here
    size_t r = i + j;
           ^
make: *** [src/subdir.mk:23: src/alu.o] Error 1
14:40:23 **** Auto Build of configuration Debug for project ALU ****
make pre-build main-build 
a9-linaro-pre-build-step
' '
'Building file: ../src/alu.c'
'Invoking: ARM v7 gcc compiler'
arm-none-eabi-gcc -Wall -O0 -g3 -c -fmessage-length=0 -MT"src/alu.o" -mcpu=cortex-a9 -mfpu=vfpv3 -mfloat-abi=hard -I../../Lab02_bsp/ps7_cortexa9_0/include -MMD -MP -MF"src/alu.d" -MT"src/alu.o" -o "src/alu.o" "../src/alu.c"
../src/alu.c: In function 'main':
../src/alu.c:45:11: error: redefinition of 'r'
    size_t r = i && j;
           ^
../src/alu.c:17:11: note: previous definition of 'r' was here
    size_t r = i + j;
           ^
make: *** [src/subdir.mk:23: src/alu.o] Error 1
14:46:10 **** Auto Build of configuration Debug for project ALU ****
make pre-build main-build 
a9-linaro-pre-build-step
' '
'Building file: ../src/alu.c'
'Invoking: ARM v7 gcc compiler'
arm-none-eabi-gcc -Wall -O0 -g3 -c -fmessage-length=0 -MT"src/alu.o" -mcpu=cortex-a9 -mfpu=vfpv3 -mfloat-abi=hard -I../../Lab02_bsp/ps7_cortexa9_0/include -MMD -MP -MF"src/alu.d" -MT"src/alu.o" -o "src/alu.o" "../src/alu.c"
../src/alu.c: In function 'main':
../src/alu.c:45:11: error: redefinition of 'r'
    size_t r = i && j;
           ^
../src/alu.c:17:11: note: previous definition of 'r' was here
    size_t r = i + j;
           ^
../src/alu.c:97:13: error: 'k' undeclared (first use in this function)
    r = i << k;
             ^
../src/alu.c:97:13: note: each undeclared identifier is reported only once for each function it appears in
make: *** [src/subdir.mk:23: src/alu.o] Error 1
14:46:43 **** Auto Build of configuration Debug for project ALU ****
make pre-build main-build 
a9-linaro-pre-build-step
' '
'Building file: ../src/alu.c'
'Invoking: ARM v7 gcc compiler'
arm-none-eabi-gcc -Wall -O0 -g3 -c -fmessage-length=0 -MT"src/alu.o" -mcpu=cortex-a9 -mfpu=vfpv3 -mfloat-abi=hard -I../../Lab02_bsp/ps7_cortexa9_0/include -MMD -MP -MF"src/alu.d" -MT"src/alu.o" -o "src/alu.o" "../src/alu.c"
../src/alu.c: In function 'main':
../src/alu.c:45:11: error: redefinition of 'r'
    size_t r = i && j;
           ^
../src/alu.c:17:11: note: previous definition of 'r' was here
    size_t r = i + j;
           ^
../src/alu.c:101:3: error: 'r' undeclared (first use in this function)
   r = i << k;
   ^
../src/alu.c:101:3: note: each undeclared identifier is reported only once for each function it appears in
../src/alu.c:101:7: error: 'i' undeclared (first use in this function)
   r = i << k;
       ^
make: *** [src/subdir.mk:23: src/alu.o] Error 1
14:46:58 **** Auto Build of configuration Debug for project ALU ****
make pre-build main-build 
a9-linaro-pre-build-step
' '
'Building file: ../src/alu.c'
'Invoking: ARM v7 gcc compiler'
arm-none-eabi-gcc -Wall -O0 -g3 -c -fmessage-length=0 -MT"src/alu.o" -mcpu=cortex-a9 -mfpu=vfpv3 -mfloat-abi=hard -I../../Lab02_bsp/ps7_cortexa9_0/include -MMD -MP -MF"src/alu.d" -MT"src/alu.o" -o "src/alu.o" "../src/alu.c"
../src/alu.c: In function 'main':
../src/alu.c:45:11: error: redefinition of 'r'
    size_t r = i && j;
           ^
../src/alu.c:17:11: note: previous definition of 'r' was here
    size_t r = i + j;
           ^
../src/alu.c:101:14: error: 'i' undeclared (first use in this function)
   size_t r = i << k;
              ^
../src/alu.c:101:14: note: each undeclared identifier is reported only once for each function it appears in
make: *** [src/subdir.mk:23: src/alu.o] Error 1
14:48:08 **** Auto Build of configuration Debug for project ALU ****
make pre-build main-build 
a9-linaro-pre-build-step
' '
'Building file: ../src/alu.c'
'Invoking: ARM v7 gcc compiler'
arm-none-eabi-gcc -Wall -O0 -g3 -c -fmessage-length=0 -MT"src/alu.o" -mcpu=cortex-a9 -mfpu=vfpv3 -mfloat-abi=hard -I../../Lab02_bsp/ps7_cortexa9_0/include -MMD -MP -MF"src/alu.d" -MT"src/alu.o" -o "src/alu.o" "../src/alu.c"
../src/alu.c: In function 'main':
../src/alu.c:45:11: error: redefinition of 'r'
    size_t r = i && j;
           ^
../src/alu.c:17:11: note: previous definition of 'r' was here
    size_t r = i + j;
           ^
make: *** [src/subdir.mk:23: src/alu.o] Error 1
14:48:56 **** Auto Build of configuration Debug for project io ****
make pre-build main-build 
a9-linaro-pre-build-step
' '
'Building file: ../src/io.c'
'Invoking: ARM v7 gcc compiler'
arm-none-eabi-gcc -Wall -O0 -g3 -c -fmessage-length=0 -MT"src/io.o" -mcpu=cortex-a9 -mfpu=vfpv3 -mfloat-abi=hard -I../../Lab02_bsp/ps7_cortexa9_0/include -MMD -MP -MF"src/io.d" -MT"src/io.o" -o "src/io.o" "../src/io.c"
'Finished building: ../src/io.c'
' '
'Building target: io.elf'
'Invoking: ARM v7 gcc linker'
arm-none-eabi-gcc -mcpu=cortex-a9 -mfpu=vfpv3 -mfloat-abi=hard -Wl,-build-id=none -specs=Xilinx.spec -Wl,-T -Wl,../src/lscript.ld -L../../Lab02_bsp/ps7_cortexa9_0/lib -o "io.elf"  ./src/io.o   -Wl,--start-group,-lxil,-lgcc,-lc,--end-group
../../Lab02_bsp/ps7_cortexa9_0/lib\libxil.a(xil-crt0.o): In function `_start':
C:\Users\kenzm\FPGA\Lab_02\Lab_02.sdk\Lab02_bsp\ps7_cortexa9_0\libsrc\standalone_v6_8\src/xil-crt0.S:138: undefined reference to `main'
collect2.exe: error: ld returned 1 exit status
make: *** [makefile:41: io.elf] Error 1
14:50:07 **** Auto Build of configuration Debug for project io ****
make pre-build main-build 
a9-linaro-pre-build-step
' '
'Building file: ../src/io.c'
'Invoking: ARM v7 gcc compiler'
arm-none-eabi-gcc -Wall -O0 -g3 -c -fmessage-length=0 -MT"src/io.o" -mcpu=cortex-a9 -mfpu=vfpv3 -mfloat-abi=hard -I../../Lab02_bsp/ps7_cortexa9_0/include -MMD -MP -MF"src/io.d" -MT"src/io.o" -o "src/io.o" "../src/io.c"
'Finished building: ../src/io.c'
' '
'Building target: io.elf'
'Invoking: ARM v7 gcc linker'
arm-none-eabi-gcc -mcpu=cortex-a9 -mfpu=vfpv3 -mfloat-abi=hard -Wl,-build-id=none -specs=Xilinx.spec -Wl,-T -Wl,../src/lscript.ld -L../../Lab02_bsp/ps7_cortexa9_0/lib -o "io.elf"  ./src/io.o   -Wl,--start-group,-lxil,-lgcc,-lc,--end-group
'Finished building target: io.elf'
' '
'Invoking: ARM v7 Print Size'
arm-none-eabi-size io.elf  |tee "io.elf.size"
   text	   data	    bss	    dec	    hex	filename
  19044	   1144	  22568	  42756	   a704	io.elf
'Finished building: io.elf.size'
' '
14:57:06 **** Incremental Build of configuration Debug for project ALU ****
make pre-build main-build 
a9-linaro-pre-build-step
' '
'Building file: ../src/alu.c'
'Invoking: ARM v7 gcc compiler'
arm-none-eabi-gcc -Wall -O0 -g3 -c -fmessage-length=0 -MT"src/alu.o" -mcpu=cortex-a9 -mfpu=vfpv3 -mfloat-abi=hard -I../../Lab02_bsp/ps7_cortexa9_0/include -MMD -MP -MF"src/alu.d" -MT"src/alu.o" -o "src/alu.o" "../src/alu.c"
../src/alu.c: In function 'main':
../src/alu.c:45:11: error: redefinition of 'r'
    size_t r = i && j;
           ^
../src/alu.c:17:11: note: previous definition of 'r' was here
    size_t r = i + j;
           ^
make: *** [src/subdir.mk:23: src/alu.o] Error 1
14:59:27 **** Auto Build of configuration Debug for project ALU ****
make pre-build main-build 
a9-linaro-pre-build-step
' '
'Building file: ../src/alu.c'
'Invoking: ARM v7 gcc compiler'
arm-none-eabi-gcc -Wall -O0 -g3 -c -fmessage-length=0 -MT"src/alu.o" -mcpu=cortex-a9 -mfpu=vfpv3 -mfloat-abi=hard -I../../Lab02_bsp/ps7_cortexa9_0/include -MMD -MP -MF"src/alu.d" -MT"src/alu.o" -o "src/alu.o" "../src/alu.c"
../src/alu.c: In function 'main':
../src/alu.c:41:11: error: redefinition of 'r'
    size_t r = i && j;
           ^
../src/alu.c:13:11: note: previous definition of 'r' was here
    size_t r = i + j;
           ^
make: *** [src/subdir.mk:23: src/alu.o] Error 1
15:00:27 **** Auto Build of configuration Debug for project ALU ****
make pre-build main-build 
a9-linaro-pre-build-step
' '
'Building file: ../src/alu.c'
'Invoking: ARM v7 gcc compiler'
arm-none-eabi-gcc -Wall -O0 -g3 -c -fmessage-length=0 -MT"src/alu.o" -mcpu=cortex-a9 -mfpu=vfpv3 -mfloat-abi=hard -I../../Lab02_bsp/ps7_cortexa9_0/include -MMD -MP -MF"src/alu.d" -MT"src/alu.o" -o "src/alu.o" "../src/alu.c"
../src/alu.c: In function 'main':
../src/alu.c:14:33: warning: format '%s' expects a matching 'char *' argument [-Wformat=]
    printf("%2zu + %2zu = %3zu (%s)\n", i, j, r);
                                ~^
../src/alu.c:42:11: error: redefinition of 'r'
    size_t r = i && j;
           ^
../src/alu.c:13:11: note: previous definition of 'r' was here
    size_t r = i + j;
           ^
make: *** [src/subdir.mk:23: src/alu.o] Error 1
15:00:49 **** Incremental Build of configuration Debug for project ALU ****
make pre-build main-build 
a9-linaro-pre-build-step
' '
'Building file: ../src/alu.c'
'Invoking: ARM v7 gcc compiler'
arm-none-eabi-gcc -Wall -O0 -g3 -c -fmessage-length=0 -MT"src/alu.o" -mcpu=cortex-a9 -mfpu=vfpv3 -mfloat-abi=hard -I../../Lab02_bsp/ps7_cortexa9_0/include -MMD -MP -MF"src/alu.d" -MT"src/alu.o" -o "src/alu.o" "../src/alu.c"
../src/alu.c: In function 'main':
../src/alu.c:14:33: warning: format '%s' expects a matching 'char *' argument [-Wformat=]
    printf("%2zu + %2zu = %3zu (%s)\n", i, j, r);
                                ~^
../src/alu.c:42:11: error: redefinition of 'r'
    size_t r = i && j;
           ^
../src/alu.c:13:11: note: previous definition of 'r' was here
    size_t r = i + j;
           ^
make: *** [src/subdir.mk:23: src/alu.o] Error 1
15:02:05 **** Auto Build of configuration Debug for project ALU ****
make pre-build main-build 
a9-linaro-pre-build-step
' '
'Building file: ../src/alu.c'
'Invoking: ARM v7 gcc compiler'
arm-none-eabi-gcc -Wall -O0 -g3 -c -fmessage-length=0 -MT"src/alu.o" -mcpu=cortex-a9 -mfpu=vfpv3 -mfloat-abi=hard -I../../Lab02_bsp/ps7_cortexa9_0/include -MMD -MP -MF"src/alu.d" -MT"src/alu.o" -o "src/alu.o" "../src/alu.c"
../src/alu.c: In function 'main':
../src/alu.c:42:11: error: redefinition of 'r'
    size_t r = i && j;
           ^
../src/alu.c:13:11: note: previous definition of 'r' was here
    size_t r = i + j;
           ^
make: *** [src/subdir.mk:23: src/alu.o] Error 1
15:02:38 **** Incremental Build of configuration Debug for project ALU ****
make pre-build main-build 
a9-linaro-pre-build-step
' '
'Building file: ../src/alu.c'
'Invoking: ARM v7 gcc compiler'
arm-none-eabi-gcc -Wall -O0 -g3 -c -fmessage-length=0 -MT"src/alu.o" -mcpu=cortex-a9 -mfpu=vfpv3 -mfloat-abi=hard -I../../Lab02_bsp/ps7_cortexa9_0/include -MMD -MP -MF"src/alu.d" -MT"src/alu.o" -o "src/alu.o" "../src/alu.c"
../src/alu.c: In function 'main':
../src/alu.c:42:11: error: redefinition of 'r'
    size_t r = i && j;
           ^
../src/alu.c:13:11: note: previous definition of 'r' was here
    size_t r = i + j;
           ^
make: *** [src/subdir.mk:23: src/alu.o] Error 1
15:03:20 **** Auto Build of configuration Debug for project ALU ****
make pre-build main-build 
a9-linaro-pre-build-step
' '
'Building file: ../src/alu.c'
'Invoking: ARM v7 gcc compiler'
arm-none-eabi-gcc -Wall -O0 -g3 -c -fmessage-length=0 -MT"src/alu.o" -mcpu=cortex-a9 -mfpu=vfpv3 -mfloat-abi=hard -I../../Lab02_bsp/ps7_cortexa9_0/include -MMD -MP -MF"src/alu.d" -MT"src/alu.o" -o "src/alu.o" "../src/alu.c"
../src/alu.c: In function 'main':
../src/alu.c:42:11: error: redefinition of 'r'
    size_t r = i && j;
           ^
../src/alu.c:13:11: note: previous definition of 'r' was here
    size_t r = i + j;
           ^
make: *** [src/subdir.mk:23: src/alu.o] Error 1
15:03:45 **** Auto Build of configuration Debug for project ALU ****
make pre-build main-build 
a9-linaro-pre-build-step
' '
'Building file: ../src/alu.c'
'Invoking: ARM v7 gcc compiler'
arm-none-eabi-gcc -Wall -O0 -g3 -c -fmessage-length=0 -MT"src/alu.o" -mcpu=cortex-a9 -mfpu=vfpv3 -mfloat-abi=hard -I../../Lab02_bsp/ps7_cortexa9_0/include -MMD -MP -MF"src/alu.d" -MT"src/alu.o" -o "src/alu.o" "../src/alu.c"
../src/alu.c: In function 'main':
../src/alu.c:42:11: error: redefinition of 'r'
    size_t r = i && j;
           ^
../src/alu.c:13:11: note: previous definition of 'r' was here
    size_t r = i + j;
           ^
make: *** [src/subdir.mk:23: src/alu.o] Error 1
15:04:38 **** Incremental Build of configuration Debug for project ALU ****
make pre-build main-build 
a9-linaro-pre-build-step
' '
'Building file: ../src/alu.c'
'Invoking: ARM v7 gcc compiler'
arm-none-eabi-gcc -Wall -O0 -g3 -c -fmessage-length=0 -MT"src/alu.o" -mcpu=cortex-a9 -mfpu=vfpv3 -mfloat-abi=hard -I../../Lab02_bsp/ps7_cortexa9_0/include -MMD -MP -MF"src/alu.d" -MT"src/alu.o" -o "src/alu.o" "../src/alu.c"
../src/alu.c: In function 'main':
../src/alu.c:42:11: error: redefinition of 'r'
    size_t r = i && j;
           ^
../src/alu.c:13:11: note: previous definition of 'r' was here
    size_t r = i + j;
           ^
make: *** [src/subdir.mk:23: src/alu.o] Error 1
17:04:39 **** Auto Build of configuration Debug for project ALU ****
make pre-build main-build 
a9-linaro-pre-build-step
' '
'Building file: ../src/alu.c'
'Invoking: ARM v7 gcc compiler'
arm-none-eabi-gcc -Wall -O0 -g3 -c -fmessage-length=0 -MT"src/alu.o" -mcpu=cortex-a9 -mfpu=vfpv3 -mfloat-abi=hard -I../../Lab02_bsp/ps7_cortexa9_0/include -MMD -MP -MF"src/alu.d" -MT"src/alu.o" -o "src/alu.o" "../src/alu.c"
'Finished building: ../src/alu.c'
' '
'Building target: ALU.elf'
'Invoking: ARM v7 gcc linker'
arm-none-eabi-gcc -mcpu=cortex-a9 -mfpu=vfpv3 -mfloat-abi=hard -Wl,-build-id=none -specs=Xilinx.spec -Wl,-T -Wl,../src/lscript.ld -L../../Lab02_bsp/ps7_cortexa9_0/lib -o "ALU.elf"  ./src/alu.o   -Wl,--start-group,-lxil,-lgcc,-lc,--end-group
'Finished building target: ALU.elf'
' '
'Invoking: ARM v7 Print Size'
arm-none-eabi-size ALU.elf  |tee "ALU.elf.size"
   text	   data	    bss	    dec	    hex	filename
  73596	   2580	  23328	  99504	  184b0	ALU.elf
'Finished building: ALU.elf.size'
' '
17:05:22 **** Incremental Build of configuration Debug for project ALU ****
make pre-build main-build 
a9-linaro-pre-build-step
' '
make: Nothing to be done for 'main-build'.
17:16:19 **** Auto Build of configuration Debug for project ALU ****
make pre-build main-build 
a9-linaro-pre-build-step
' '
'Building file: ../src/alu.c'
'Invoking: ARM v7 gcc compiler'
arm-none-eabi-gcc -Wall -O0 -g3 -c -fmessage-length=0 -MT"src/alu.o" -mcpu=cortex-a9 -mfpu=vfpv3 -mfloat-abi=hard -I../../Lab02_bsp/ps7_cortexa9_0/include -MMD -MP -MF"src/alu.d" -MT"src/alu.o" -o "src/alu.o" "../src/alu.c"
'Finished building: ../src/alu.c'
' '
'Building target: ALU.elf'
'Invoking: ARM v7 gcc linker'
arm-none-eabi-gcc -mcpu=cortex-a9 -mfpu=vfpv3 -mfloat-abi=hard -Wl,-build-id=none -specs=Xilinx.spec -Wl,-T -Wl,../src/lscript.ld -L../../Lab02_bsp/ps7_cortexa9_0/lib -o "ALU.elf"  ./src/alu.o   -Wl,--start-group,-lxil,-lgcc,-lc,--end-group
'Finished building target: ALU.elf'
' '
'Invoking: ARM v7 Print Size'
arm-none-eabi-size ALU.elf  |tee "ALU.elf.size"
   text	   data	    bss	    dec	    hex	filename
  73572	   2580	  23328	  99480	  18498	ALU.elf
'Finished building: ALU.elf.size'
' '
17:18:58 **** Auto Build of configuration Debug for project ALU ****
make pre-build main-build 
a9-linaro-pre-build-step
' '
'Building file: ../src/alu.c'
'Invoking: ARM v7 gcc compiler'
arm-none-eabi-gcc -Wall -O0 -g3 -c -fmessage-length=0 -MT"src/alu.o" -mcpu=cortex-a9 -mfpu=vfpv3 -mfloat-abi=hard -I../../Lab02_bsp/ps7_cortexa9_0/include -MMD -MP -MF"src/alu.d" -MT"src/alu.o" -o "src/alu.o" "../src/alu.c"
'Finished building: ../src/alu.c'
' '
'Building target: ALU.elf'
'Invoking: ARM v7 gcc linker'
arm-none-eabi-gcc -mcpu=cortex-a9 -mfpu=vfpv3 -mfloat-abi=hard -Wl,-build-id=none -specs=Xilinx.spec -Wl,-T -Wl,../src/lscript.ld -L../../Lab02_bsp/ps7_cortexa9_0/lib -o "ALU.elf"  ./src/alu.o   -Wl,--start-group,-lxil,-lgcc,-lc,--end-group
'Finished building target: ALU.elf'
' '
'Invoking: ARM v7 Print Size'
arm-none-eabi-size ALU.elf  |tee "ALU.elf.size"
   text	   data	    bss	    dec	    hex	filename
  73428	   2580	  23328	  99336	  18408	ALU.elf
'Finished building: ALU.elf.size'
' '
17:21:22 **** Auto Build of configuration Debug for project ALU ****
make pre-build main-build 
a9-linaro-pre-build-step
' '
'Building file: ../src/alu.c'
'Invoking: ARM v7 gcc compiler'
arm-none-eabi-gcc -Wall -O0 -g3 -c -fmessage-length=0 -MT"src/alu.o" -mcpu=cortex-a9 -mfpu=vfpv3 -mfloat-abi=hard -I../../Lab02_bsp/ps7_cortexa9_0/include -MMD -MP -MF"src/alu.d" -MT"src/alu.o" -o "src/alu.o" "../src/alu.c"
../src/alu.c: In function 'main':
../src/alu.c:54:40: warning: format '%s' expects argument of type 'char *', but argument 5 has type 'int' [-Wformat=]
    printf("%2zu logic << %2zu = %3zu (%s)\n", A, i, r, (r == A<<i));
                                       ~^               ~~~~~~~~~~~
                                       %d
'Finished building: ../src/alu.c'
' '
'Building target: ALU.elf'
'Invoking: ARM v7 gcc linker'
arm-none-eabi-gcc -mcpu=cortex-a9 -mfpu=vfpv3 -mfloat-abi=hard -Wl,-build-id=none -specs=Xilinx.spec -Wl,-T -Wl,../src/lscript.ld -L../../Lab02_bsp/ps7_cortexa9_0/lib -o "ALU.elf"  ./src/alu.o   -Wl,--start-group,-lxil,-lgcc,-lc,--end-group
'Finished building target: ALU.elf'
' '
'Invoking: ARM v7 Print Size'
arm-none-eabi-size ALU.elf  |tee "ALU.elf.size"
   text	   data	    bss	    dec	    hex	filename
  73404	   2580	  23328	  99312	  183f0	ALU.elf
'Finished building: ALU.elf.size'
' '
17:23:33 **** Auto Build of configuration Debug for project ALU ****
make pre-build main-build 
a9-linaro-pre-build-step
' '
'Building file: ../src/alu.c'
'Invoking: ARM v7 gcc compiler'
arm-none-eabi-gcc -Wall -O0 -g3 -c -fmessage-length=0 -MT"src/alu.o" -mcpu=cortex-a9 -mfpu=vfpv3 -mfloat-abi=hard -I../../Lab02_bsp/ps7_cortexa9_0/include -MMD -MP -MF"src/alu.d" -MT"src/alu.o" -o "src/alu.o" "../src/alu.c"
../src/alu.c: In function 'main':
../src/alu.c:54:40: warning: format '%s' expects argument of type 'char *', but argument 5 has type 'int' [-Wformat=]
    printf("%2zu logic << %2zu = %3zu (%s)\n", A, i, r, (r == A<<i));
                                       ~^               ~~~~~~~~~~~
                                       %d
'Finished building: ../src/alu.c'
' '
'Building target: ALU.elf'
'Invoking: ARM v7 gcc linker'
arm-none-eabi-gcc -mcpu=cortex-a9 -mfpu=vfpv3 -mfloat-abi=hard -Wl,-build-id=none -specs=Xilinx.spec -Wl,-T -Wl,../src/lscript.ld -L../../Lab02_bsp/ps7_cortexa9_0/lib -o "ALU.elf"  ./src/alu.o   -Wl,--start-group,-lxil,-lgcc,-lc,--end-group
'Finished building target: ALU.elf'
' '
'Invoking: ARM v7 Print Size'
arm-none-eabi-size ALU.elf  |tee "ALU.elf.size"
   text	   data	    bss	    dec	    hex	filename
  73468	   2580	  23328	  99376	  18430	ALU.elf
'Finished building: ALU.elf.size'
' '
17:25:52 **** Auto Build of configuration Debug for project ALU ****
make pre-build main-build 
a9-linaro-pre-build-step
' '
'Building file: ../src/alu.c'
'Invoking: ARM v7 gcc compiler'
arm-none-eabi-gcc -Wall -O0 -g3 -c -fmessage-length=0 -MT"src/alu.o" -mcpu=cortex-a9 -mfpu=vfpv3 -mfloat-abi=hard -I../../Lab02_bsp/ps7_cortexa9_0/include -MMD -MP -MF"src/alu.d" -MT"src/alu.o" -o "src/alu.o" "../src/alu.c"
../src/alu.c: In function 'main':
../src/alu.c:54:40: warning: format '%s' expects argument of type 'char *', but argument 5 has type 'int' [-Wformat=]
    printf("%2zu logic << %2zu = %3zu (%s)\n", A, i, r, (r == A<<i));
                                       ~^               ~~~~~~~~~~~
                                       %d
../src/alu.c:68:45: warning: format '%s' expects a matching 'char *' argument [-Wformat=]
    printf("%2zd arithmetic << %2zu = %3zd (%s)\n", A, i, r);
                                            ~^
'Finished building: ../src/alu.c'
' '
'Building target: ALU.elf'
'Invoking: ARM v7 gcc linker'
arm-none-eabi-gcc -mcpu=cortex-a9 -mfpu=vfpv3 -mfloat-abi=hard -Wl,-build-id=none -specs=Xilinx.spec -Wl,-T -Wl,../src/lscript.ld -L../../Lab02_bsp/ps7_cortexa9_0/lib -o "ALU.elf"  ./src/alu.o   -Wl,--start-group,-lxil,-lgcc,-lc,--end-group
'Finished building target: ALU.elf'
' '
'Invoking: ARM v7 Print Size'
arm-none-eabi-size ALU.elf  |tee "ALU.elf.size"
   text	   data	    bss	    dec	    hex	filename
  73412	   2580	  23328	  99320	  183f8	ALU.elf
'Finished building: ALU.elf.size'
' '
17:26:12 **** Auto Build of configuration Debug for project ALU ****
make pre-build main-build 
a9-linaro-pre-build-step
' '
'Building file: ../src/alu.c'
'Invoking: ARM v7 gcc compiler'
arm-none-eabi-gcc -Wall -O0 -g3 -c -fmessage-length=0 -MT"src/alu.o" -mcpu=cortex-a9 -mfpu=vfpv3 -mfloat-abi=hard -I../../Lab02_bsp/ps7_cortexa9_0/include -MMD -MP -MF"src/alu.d" -MT"src/alu.o" -o "src/alu.o" "../src/alu.c"
../src/alu.c: In function 'main':
../src/alu.c:54:40: warning: format '%s' expects argument of type 'char *', but argument 5 has type 'int' [-Wformat=]
    printf("%2zu logic << %2zu = %3zu (%s)\n", A, i, r, (r == A<<i));
                                       ~^               ~~~~~~~~~~~
                                       %d
../src/alu.c:68:45: warning: format '%s' expects a matching 'char *' argument [-Wformat=]
    printf("%2zd arithmetic << %2zu = %3zd (%s)\n", A, i, r);
                                            ~^
'Finished building: ../src/alu.c'
' '
'Building target: ALU.elf'
'Invoking: ARM v7 gcc linker'
arm-none-eabi-gcc -mcpu=cortex-a9 -mfpu=vfpv3 -mfloat-abi=hard -Wl,-build-id=none -specs=Xilinx.spec -Wl,-T -Wl,../src/lscript.ld -L../../Lab02_bsp/ps7_cortexa9_0/lib -o "ALU.elf"  ./src/alu.o   -Wl,--start-group,-lxil,-lgcc,-lc,--end-group
'Finished building target: ALU.elf'
' '
'Invoking: ARM v7 Print Size'
arm-none-eabi-size ALU.elf  |tee "ALU.elf.size"
   text	   data	    bss	    dec	    hex	filename
  73404	   2580	  23328	  99312	  183f0	ALU.elf
'Finished building: ALU.elf.size'
' '
17:26:59 **** Auto Build of configuration Debug for project ALU ****
make pre-build main-build 
a9-linaro-pre-build-step
' '
'Building file: ../src/alu.c'
'Invoking: ARM v7 gcc compiler'
arm-none-eabi-gcc -Wall -O0 -g3 -c -fmessage-length=0 -MT"src/alu.o" -mcpu=cortex-a9 -mfpu=vfpv3 -mfloat-abi=hard -I../../Lab02_bsp/ps7_cortexa9_0/include -MMD -MP -MF"src/alu.d" -MT"src/alu.o" -o "src/alu.o" "../src/alu.c"
../src/alu.c: In function 'main':
../src/alu.c:54:40: warning: format '%s' expects argument of type 'char *', but argument 5 has type 'int' [-Wformat=]
    printf("%2zu logic << %2zu = %3zu (%s)\n", A, i, r, (r == A<<i));
                                       ~^               ~~~~~~~~~~~
                                       %d
../src/alu.c:68:45: warning: format '%s' expects a matching 'char *' argument [-Wformat=]
    printf("%2zd arithmetic << %2zu = %3zd (%s)\n", A, i, r);
                                            ~^
../src/alu.c:82:42: warning: format '%s' expects a matching 'char *' argument [-Wformat=]
    printf("%2zu logical >> %2zu = %3zu (%s)\n", A, i, r);
                                         ~^
'Finished building: ../src/alu.c'
' '
'Building target: ALU.elf'
'Invoking: ARM v7 gcc linker'
arm-none-eabi-gcc -mcpu=cortex-a9 -mfpu=vfpv3 -mfloat-abi=hard -Wl,-build-id=none -specs=Xilinx.spec -Wl,-T -Wl,../src/lscript.ld -L../../Lab02_bsp/ps7_cortexa9_0/lib -o "ALU.elf"  ./src/alu.o   -Wl,--start-group,-lxil,-lgcc,-lc,--end-group
'Finished building target: ALU.elf'
' '
'Invoking: ARM v7 Print Size'
arm-none-eabi-size ALU.elf  |tee "ALU.elf.size"
   text	   data	    bss	    dec	    hex	filename
  73412	   2580	  23328	  99320	  183f8	ALU.elf
'Finished building: ALU.elf.size'
' '
17:27:30 **** Auto Build of configuration Debug for project ALU ****
make pre-build main-build 
a9-linaro-pre-build-step
' '
'Building file: ../src/alu.c'
'Invoking: ARM v7 gcc compiler'
arm-none-eabi-gcc -Wall -O0 -g3 -c -fmessage-length=0 -MT"src/alu.o" -mcpu=cortex-a9 -mfpu=vfpv3 -mfloat-abi=hard -I../../Lab02_bsp/ps7_cortexa9_0/include -MMD -MP -MF"src/alu.d" -MT"src/alu.o" -o "src/alu.o" "../src/alu.c"
../src/alu.c: In function 'main':
../src/alu.c:54:40: warning: format '%s' expects argument of type 'char *', but argument 5 has type 'int' [-Wformat=]
    printf("%2zu logic << %2zu = %3zu (%s)\n", A, i, r, (r == A<<i));
                                       ~^               ~~~~~~~~~~~
                                       %d
../src/alu.c:68:45: warning: format '%s' expects a matching 'char *' argument [-Wformat=]
    printf("%2zd arithmetic << %2zu = %3zd (%s)\n", A, i, r);
                                            ~^
../src/alu.c:82:42: warning: format '%s' expects a matching 'char *' argument [-Wformat=]
    printf("%2zu logical >> %2zu = %3zu (%s)\n", A, i, r);
                                         ~^
'Finished building: ../src/alu.c'
' '
'Building target: ALU.elf'
'Invoking: ARM v7 gcc linker'
arm-none-eabi-gcc -mcpu=cortex-a9 -mfpu=vfpv3 -mfloat-abi=hard -Wl,-build-id=none -specs=Xilinx.spec -Wl,-T -Wl,../src/lscript.ld -L../../Lab02_bsp/ps7_cortexa9_0/lib -o "ALU.elf"  ./src/alu.o   -Wl,--start-group,-lxil,-lgcc,-lc,--end-group
'Finished building target: ALU.elf'
' '
'Invoking: ARM v7 Print Size'
arm-none-eabi-size ALU.elf  |tee "ALU.elf.size"
   text	   data	    bss	    dec	    hex	filename
  73388	   2580	  23328	  99296	  183e0	ALU.elf
'Finished building: ALU.elf.size'
' '
17:28:09 **** Auto Build of configuration Debug for project ALU ****
make pre-build main-build 
a9-linaro-pre-build-step
' '
'Building file: ../src/alu.c'
'Invoking: ARM v7 gcc compiler'
arm-none-eabi-gcc -Wall -O0 -g3 -c -fmessage-length=0 -MT"src/alu.o" -mcpu=cortex-a9 -mfpu=vfpv3 -mfloat-abi=hard -I../../Lab02_bsp/ps7_cortexa9_0/include -MMD -MP -MF"src/alu.d" -MT"src/alu.o" -o "src/alu.o" "../src/alu.c"
../src/alu.c: In function 'main':
../src/alu.c:54:40: warning: format '%s' expects argument of type 'char *', but argument 5 has type 'int' [-Wformat=]
    printf("%2zu logic << %2zu = %3zu (%s)\n", A, i, r, (r == A<<i));
                                       ~^               ~~~~~~~~~~~
                                       %d
../src/alu.c:68:45: warning: format '%s' expects a matching 'char *' argument [-Wformat=]
    printf("%2zd arithmetic << %2zu = %3zd (%s)\n", A, i, r);
                                            ~^
../src/alu.c:82:42: warning: format '%s' expects a matching 'char *' argument [-Wformat=]
    printf("%2zu logical >> %2zu = %3zu (%s)\n", A, i, r);
                                         ~^
../src/alu.c:96:45: warning: format '%s' expects a matching 'char *' argument [-Wformat=]
    printf("%2zd arithmetic >> %2zu = %3zd (%s)\n", A, i, r);
                                            ~^
'Finished building: ../src/alu.c'
' '
'Building target: ALU.elf'
'Invoking: ARM v7 gcc linker'
arm-none-eabi-gcc -mcpu=cortex-a9 -mfpu=vfpv3 -mfloat-abi=hard -Wl,-build-id=none -specs=Xilinx.spec -Wl,-T -Wl,../src/lscript.ld -L../../Lab02_bsp/ps7_cortexa9_0/lib -o "ALU.elf"  ./src/alu.o   -Wl,--start-group,-lxil,-lgcc,-lc,--end-group
'Finished building target: ALU.elf'
' '
'Invoking: ARM v7 Print Size'
arm-none-eabi-size ALU.elf  |tee "ALU.elf.size"
   text	   data	    bss	    dec	    hex	filename
  73388	   2580	  23328	  99296	  183e0	ALU.elf
'Finished building: ALU.elf.size'
' '
17:28:47 **** Auto Build of configuration Debug for project ALU ****
make pre-build main-build 
a9-linaro-pre-build-step
' '
'Building file: ../src/alu.c'
'Invoking: ARM v7 gcc compiler'
arm-none-eabi-gcc -Wall -O0 -g3 -c -fmessage-length=0 -MT"src/alu.o" -mcpu=cortex-a9 -mfpu=vfpv3 -mfloat-abi=hard -I../../Lab02_bsp/ps7_cortexa9_0/include -MMD -MP -MF"src/alu.d" -MT"src/alu.o" -o "src/alu.o" "../src/alu.c"
../src/alu.c: In function 'main':
../src/alu.c:54:40: warning: format '%s' expects argument of type 'char *', but argument 5 has type 'int' [-Wformat=]
    printf("%2zu logic << %2zu = %3zu (%s)\n", A, i, r, (r == A<<i));
                                       ~^               ~~~~~~~~~~~
                                       %d
../src/alu.c:68:45: warning: format '%s' expects a matching 'char *' argument [-Wformat=]
    printf("%2zd arithmetic << %2zu = %3zd (%s)\n", A, i, r);
                                            ~^
../src/alu.c:82:42: warning: format '%s' expects a matching 'char *' argument [-Wformat=]
    printf("%2zu logical >> %2zu = %3zu (%s)\n", A, i, r);
                                         ~^
../src/alu.c:96:45: warning: format '%s' expects a matching 'char *' argument [-Wformat=]
    printf("%2zd arithmetic >> %2zu = %3zd (%s)\n", A, i, r);
                                            ~^
'Finished building: ../src/alu.c'
' '
'Building target: ALU.elf'
'Invoking: ARM v7 gcc linker'
arm-none-eabi-gcc -mcpu=cortex-a9 -mfpu=vfpv3 -mfloat-abi=hard -Wl,-build-id=none -specs=Xilinx.spec -Wl,-T -Wl,../src/lscript.ld -L../../Lab02_bsp/ps7_cortexa9_0/lib -o "ALU.elf"  ./src/alu.o   -Wl,--start-group,-lxil,-lgcc,-lc,--end-group
'Finished building target: ALU.elf'
' '
'Invoking: ARM v7 Print Size'
arm-none-eabi-size ALU.elf  |tee "ALU.elf.size"
   text	   data	    bss	    dec	    hex	filename
  73348	   2580	  23328	  99256	  183b8	ALU.elf
'Finished building: ALU.elf.size'
' '
17:30:15 **** Auto Build of configuration Debug for project ALU ****
make pre-build main-build 
a9-linaro-pre-build-step
' '
'Building file: ../src/alu.c'
'Invoking: ARM v7 gcc compiler'
arm-none-eabi-gcc -Wall -O0 -g3 -c -fmessage-length=0 -MT"src/alu.o" -mcpu=cortex-a9 -mfpu=vfpv3 -mfloat-abi=hard -I../../Lab02_bsp/ps7_cortexa9_0/include -MMD -MP -MF"src/alu.d" -MT"src/alu.o" -o "src/alu.o" "../src/alu.c"
../src/alu.c: In function 'main':
../src/alu.c:54:40: warning: format '%s' expects argument of type 'char *', but argument 5 has type 'int' [-Wformat=]
    printf("%2zu logic << %2zu = %3zu (%s)\n", A, i, r, (r == A<<i));
                                       ~^               ~~~~~~~~~~~
                                       %d
../src/alu.c:68:45: warning: format '%s' expects a matching 'char *' argument [-Wformat=]
    printf("%2zd arithmetic << %2zu = %3zd (%s)\n", A, i, r);
                                            ~^
../src/alu.c:82:42: warning: format '%s' expects a matching 'char *' argument [-Wformat=]
    printf("%2zu logical >> %2zu = %3zu (%s)\n", A, i, r);
                                         ~^
../src/alu.c:96:45: warning: format '%s' expects a matching 'char *' argument [-Wformat=]
    printf("%2zd arithmetic >> %2zu = %3zd (%s)\n", A, i, r);
                                            ~^
../src/alu.c:109:41: warning: format '%s' expects a matching 'char *' argument [-Wformat=]
   printf("%2zd less than %2zd == %3zu (%s)\n", A, B, r);
                                        ~^
../src/alu.c:120:42: warning: format '%s' expects a matching 'char *' argument [-Wformat=]
    printf("%2zd less than %2zd == %3zu (%s)\n", A, B, r);
                                         ~^
'Finished building: ../src/alu.c'
' '
'Building target: ALU.elf'
'Invoking: ARM v7 gcc linker'
arm-none-eabi-gcc -mcpu=cortex-a9 -mfpu=vfpv3 -mfloat-abi=hard -Wl,-build-id=none -specs=Xilinx.spec -Wl,-T -Wl,../src/lscript.ld -L../../Lab02_bsp/ps7_cortexa9_0/lib -o "ALU.elf"  ./src/alu.o   -Wl,--start-group,-lxil,-lgcc,-lc,--end-group
'Finished building target: ALU.elf'
' '
'Invoking: ARM v7 Print Size'
arm-none-eabi-size ALU.elf  |tee "ALU.elf.size"
   text	   data	    bss	    dec	    hex	filename
  73316	   2580	  23328	  99224	  18398	ALU.elf
'Finished building: ALU.elf.size'
' '
17:31:18 **** Auto Build of configuration Debug for project ALU ****
make pre-build main-build 
a9-linaro-pre-build-step
' '
'Building file: ../src/alu.c'
'Invoking: ARM v7 gcc compiler'
arm-none-eabi-gcc -Wall -O0 -g3 -c -fmessage-length=0 -MT"src/alu.o" -mcpu=cortex-a9 -mfpu=vfpv3 -mfloat-abi=hard -I../../Lab02_bsp/ps7_cortexa9_0/include -MMD -MP -MF"src/alu.d" -MT"src/alu.o" -o "src/alu.o" "../src/alu.c"
../src/alu.c: In function 'main':
../src/alu.c:54:40: warning: format '%s' expects argument of type 'char *', but argument 5 has type 'int' [-Wformat=]
    printf("%2zu logic << %2zu = %3zu (%s)\n", A, i, r, (r == A<<i));
                                       ~^               ~~~~~~~~~~~
                                       %d
../src/alu.c:68:45: warning: format '%s' expects a matching 'char *' argument [-Wformat=]
    printf("%2zd arithmetic << %2zu = %3zd (%s)\n", A, i, r);
                                            ~^
../src/alu.c:82:42: warning: format '%s' expects a matching 'char *' argument [-Wformat=]
    printf("%2zu logical >> %2zu = %3zu (%s)\n", A, i, r);
                                         ~^
../src/alu.c:96:45: warning: format '%s' expects a matching 'char *' argument [-Wformat=]
    printf("%2zd arithmetic >> %2zu = %3zd (%s)\n", A, i, r);
                                            ~^
../src/alu.c:109:41: warning: format '%s' expects a matching 'char *' argument [-Wformat=]
   printf("%2zd less than %2zd == %3zu (%s)\n", A, B, r);
                                        ~^
../src/alu.c:120:42: warning: format '%s' expects a matching 'char *' argument [-Wformat=]
    printf("%2zd less than %2zd == %3zu (%s)\n", A, B, r);
                                         ~^
'Finished building: ../src/alu.c'
' '
'Building target: ALU.elf'
'Invoking: ARM v7 gcc linker'
arm-none-eabi-gcc -mcpu=cortex-a9 -mfpu=vfpv3 -mfloat-abi=hard -Wl,-build-id=none -specs=Xilinx.spec -Wl,-T -Wl,../src/lscript.ld -L../../Lab02_bsp/ps7_cortexa9_0/lib -o "ALU.elf"  ./src/alu.o   -Wl,--start-group,-lxil,-lgcc,-lc,--end-group
'Finished building target: ALU.elf'
' '
'Invoking: ARM v7 Print Size'
arm-none-eabi-size ALU.elf  |tee "ALU.elf.size"
   text	   data	    bss	    dec	    hex	filename
  73260	   2580	  23328	  99168	  18360	ALU.elf
'Finished building: ALU.elf.size'
' '
17:32:08 **** Auto Build of configuration Debug for project ALU ****
make pre-build main-build 
a9-linaro-pre-build-step
' '
'Building file: ../src/alu.c'
'Invoking: ARM v7 gcc compiler'
arm-none-eabi-gcc -Wall -O0 -g3 -c -fmessage-length=0 -MT"src/alu.o" -mcpu=cortex-a9 -mfpu=vfpv3 -mfloat-abi=hard -I../../Lab02_bsp/ps7_cortexa9_0/include -MMD -MP -MF"src/alu.d" -MT"src/alu.o" -o "src/alu.o" "../src/alu.c"
../src/alu.c: In function 'main':
../src/alu.c:54:40: warning: format '%s' expects argument of type 'char *', but argument 5 has type 'int' [-Wformat=]
    printf("%2zu logic << %2zu = %3zu (%s)\n", A, i, r, (r == A<<i));
                                       ~^               ~~~~~~~~~~~
                                       %d
../src/alu.c:68:45: warning: format '%s' expects a matching 'char *' argument [-Wformat=]
    printf("%2zd arithmetic << %2zu = %3zd (%s)\n", A, i, r);
                                            ~^
../src/alu.c:82:42: warning: format '%s' expects a matching 'char *' argument [-Wformat=]
    printf("%2zu logical >> %2zu = %3zu (%s)\n", A, i, r);
                                         ~^
../src/alu.c:96:45: warning: format '%s' expects a matching 'char *' argument [-Wformat=]
    printf("%2zd arithmetic >> %2zu = %3zd (%s)\n", A, i, r);
                                            ~^
../src/alu.c:109:41: warning: format '%s' expects a matching 'char *' argument [-Wformat=]
   printf("%2zd less than %2zd == %3zu (%s)\n", A, B, r);
                                        ~^
../src/alu.c:120:42: warning: format '%s' expects a matching 'char *' argument [-Wformat=]
    printf("%2zd less than %2zd == %3zu (%s)\n", A, B, r);
                                         ~^
../src/alu.c:132:33: warning: format '%s' expects a matching 'char *' argument [-Wformat=]
   printf("%2zd + %2zd == %3zd (%s)\n", A, B, r);
                                ~^
'Finished building: ../src/alu.c'
' '
'Building target: ALU.elf'
'Invoking: ARM v7 gcc linker'
arm-none-eabi-gcc -mcpu=cortex-a9 -mfpu=vfpv3 -mfloat-abi=hard -Wl,-build-id=none -specs=Xilinx.spec -Wl,-T -Wl,../src/lscript.ld -L../../Lab02_bsp/ps7_cortexa9_0/lib -o "ALU.elf"  ./src/alu.o   -Wl,--start-group,-lxil,-lgcc,-lc,--end-group
'Finished building target: ALU.elf'
' '
'Invoking: ARM v7 Print Size'
arm-none-eabi-size ALU.elf  |tee "ALU.elf.size"
   text	   data	    bss	    dec	    hex	filename
  73196	   2580	  23328	  99104	  18320	ALU.elf
'Finished building: ALU.elf.size'
' '
17:34:39 **** Auto Build of configuration Debug for project ALU ****
make pre-build main-build 
a9-linaro-pre-build-step
' '
'Building file: ../src/alu.c'
'Invoking: ARM v7 gcc compiler'
arm-none-eabi-gcc -Wall -O0 -g3 -c -fmessage-length=0 -MT"src/alu.o" -mcpu=cortex-a9 -mfpu=vfpv3 -mfloat-abi=hard -I../../Lab02_bsp/ps7_cortexa9_0/include -MMD -MP -MF"src/alu.d" -MT"src/alu.o" -o "src/alu.o" "../src/alu.c"
../src/alu.c: In function 'main':
../src/alu.c:54:40: warning: format '%s' expects argument of type 'char *', but argument 5 has type 'int' [-Wformat=]
    printf("%2zu logic << %2zu = %3zu (%s)\n", A, i, r, (r == A<<i));
                                       ~^               ~~~~~~~~~~~
                                       %d
../src/alu.c:68:45: warning: format '%s' expects a matching 'char *' argument [-Wformat=]
    printf("%2zd arithmetic << %2zu = %3zd (%s)\n", A, i, r);
                                            ~^
../src/alu.c:82:42: warning: format '%s' expects a matching 'char *' argument [-Wformat=]
    printf("%2zu logical >> %2zu = %3zu (%s)\n", A, i, r);
                                         ~^
../src/alu.c:96:45: warning: format '%s' expects a matching 'char *' argument [-Wformat=]
    printf("%2zd arithmetic >> %2zu = %3zd (%s)\n", A, i, r);
                                            ~^
../src/alu.c:109:41: warning: format '%s' expects a matching 'char *' argument [-Wformat=]
   printf("%2zd less than %2zd == %3zu (%s)\n", A, B, r);
                                        ~^
../src/alu.c:120:42: warning: format '%s' expects a matching 'char *' argument [-Wformat=]
    printf("%2zd less than %2zd == %3zu (%s)\n", A, B, r);
                                         ~^
../src/alu.c:132:33: warning: format '%s' expects a matching 'char *' argument [-Wformat=]
   printf("%2zd + %2zd == %3zd (%s)\n", A, B, r);
                                ~^
../src/alu.c:143:33: warning: format '%s' expects a matching 'char *' argument [-Wformat=]
   printf("%2zu + %2zu == %3zu (%s)\n", A, B, r);
                                ~^
../src/alu.c:154:33: warning: format '%s' expects a matching 'char *' argument [-Wformat=]
   printf("%2zd - %2zd == %3zd (%s)\n", A, B, r);
                                ~^
../src/alu.c:165:33: warning: format '%s' expects a matching 'char *' argument [-Wformat=]
   printf("%2zu - %2zu == %3zu (%s)\n", A, B, r);
                                ~^
'Finished building: ../src/alu.c'
' '
'Building target: ALU.elf'
'Invoking: ARM v7 gcc linker'
arm-none-eabi-gcc -mcpu=cortex-a9 -mfpu=vfpv3 -mfloat-abi=hard -Wl,-build-id=none -specs=Xilinx.spec -Wl,-T -Wl,../src/lscript.ld -L../../Lab02_bsp/ps7_cortexa9_0/lib -o "ALU.elf"  ./src/alu.o   -Wl,--start-group,-lxil,-lgcc,-lc,--end-group
'Finished building target: ALU.elf'
' '
'Invoking: ARM v7 Print Size'
arm-none-eabi-size ALU.elf  |tee "ALU.elf.size"
   text	   data	    bss	    dec	    hex	filename
  73196	   2580	  23328	  99104	  18320	ALU.elf
'Finished building: ALU.elf.size'
' '
17:36:22 **** Auto Build of configuration Debug for project ALU ****
make pre-build main-build 
a9-linaro-pre-build-step
' '
'Building file: ../src/alu.c'
'Invoking: ARM v7 gcc compiler'
arm-none-eabi-gcc -Wall -O0 -g3 -c -fmessage-length=0 -MT"src/alu.o" -mcpu=cortex-a9 -mfpu=vfpv3 -mfloat-abi=hard -I../../Lab02_bsp/ps7_cortexa9_0/include -MMD -MP -MF"src/alu.d" -MT"src/alu.o" -o "src/alu.o" "../src/alu.c"
../src/alu.c: In function 'main':
../src/alu.c:30:19: error: expected ')' before '{' token
  if((r == (A & B)){
                   ^
../src/alu.c:174:1: error: expected expression before '}' token
 }
 ^
make: *** [src/subdir.mk:23: src/alu.o] Error 1
17:39:10 **** Auto Build of configuration Debug for project ALU ****
make pre-build main-build 
a9-linaro-pre-build-step
' '
'Building file: ../src/alu.c'
'Invoking: ARM v7 gcc compiler'
arm-none-eabi-gcc -Wall -O0 -g3 -c -fmessage-length=0 -MT"src/alu.o" -mcpu=cortex-a9 -mfpu=vfpv3 -mfloat-abi=hard -I../../Lab02_bsp/ps7_cortexa9_0/include -MMD -MP -MF"src/alu.d" -MT"src/alu.o" -o "src/alu.o" "../src/alu.c"
../src/alu.c: In function 'main':
../src/alu.c:31:34: warning: format '%s' expects a matching 'char *' argument [-Wformat=]
   printf("%2zu AND %2zu = %3zu (%s)\n", A, B, r);
                                 ~^
../src/alu.c:40:33: warning: format '%s' expects a matching 'char *' argument [-Wformat=]
   printf("%2zu OR %2zu = %3zu (%s)\n", A, B, r);
                                ~^
../src/alu.c:64:40: warning: format '%s' expects argument of type 'char *', but argument 5 has type 'int' [-Wformat=]
    printf("%2zu logic << %2zu = %3zu (%s)\n", A, i, r, (r == A<<i));
                                       ~^               ~~~~~~~~~~~
                                       %d
../src/alu.c:78:45: warning: format '%s' expects a matching 'char *' argument [-Wformat=]
    printf("%2zd arithmetic << %2zu = %3zd (%s)\n", A, i, r);
                                            ~^
../src/alu.c:92:42: warning: format '%s' expects a matching 'char *' argument [-Wformat=]
    printf("%2zu logical >> %2zu = %3zu (%s)\n", A, i, r);
                                         ~^
../src/alu.c:106:45: warning: format '%s' expects a matching 'char *' argument [-Wformat=]
    printf("%2zd arithmetic >> %2zu = %3zd (%s)\n", A, i, r);
                                            ~^
../src/alu.c:119:41: warning: format '%s' expects a matching 'char *' argument [-Wformat=]
   printf("%2zd less than %2zd == %3zu (%s)\n", A, B, r);
                                        ~^
../src/alu.c:130:42: warning: format '%s' expects a matching 'char *' argument [-Wformat=]
    printf("%2zd less than %2zd == %3zu (%s)\n", A, B, r);
                                         ~^
../src/alu.c:142:33: warning: format '%s' expects a matching 'char *' argument [-Wformat=]
   printf("%2zd + %2zd == %3zd (%s)\n", A, B, r);
                                ~^
../src/alu.c:153:33: warning: format '%s' expects a matching 'char *' argument [-Wformat=]
   printf("%2zu + %2zu == %3zu (%s)\n", A, B, r);
                                ~^
../src/alu.c:164:33: warning: format '%s' expects a matching 'char *' argument [-Wformat=]
   printf("%2zd - %2zd == %3zd (%s)\n", A, B, r);
                                ~^
../src/alu.c:175:33: warning: format '%s' expects a matching 'char *' argument [-Wformat=]
   printf("%2zu - %2zu == %3zu (%s)\n", A, B, r);
                                ~^
'Finished building: ../src/alu.c'
' '
'Building target: ALU.elf'
'Invoking: ARM v7 gcc linker'
arm-none-eabi-gcc -mcpu=cortex-a9 -mfpu=vfpv3 -mfloat-abi=hard -Wl,-build-id=none -specs=Xilinx.spec -Wl,-T -Wl,../src/lscript.ld -L../../Lab02_bsp/ps7_cortexa9_0/lib -o "ALU.elf"  ./src/alu.o   -Wl,--start-group,-lxil,-lgcc,-lc,--end-group
'Finished building target: ALU.elf'
' '
'Invoking: ARM v7 Print Size'
arm-none-eabi-size ALU.elf  |tee "ALU.elf.size"
   text	   data	    bss	    dec	    hex	filename
  73196	   2580	  23328	  99104	  18320	ALU.elf
'Finished building: ALU.elf.size'
' '
17:40:58 **** Auto Build of configuration Debug for project ALU ****
make pre-build main-build 
a9-linaro-pre-build-step
' '
'Building file: ../src/alu.c'
'Invoking: ARM v7 gcc compiler'
arm-none-eabi-gcc -Wall -O0 -g3 -c -fmessage-length=0 -MT"src/alu.o" -mcpu=cortex-a9 -mfpu=vfpv3 -mfloat-abi=hard -I../../Lab02_bsp/ps7_cortexa9_0/include -MMD -MP -MF"src/alu.d" -MT"src/alu.o" -o "src/alu.o" "../src/alu.c"
../src/alu.c: In function 'main':
../src/alu.c:31:34: warning: format '%s' expects a matching 'char *' argument [-Wformat=]
   printf("%2zu AND %2zu = %3zu (%s)\n", A, B, r);
                                 ~^
../src/alu.c:40:33: warning: format '%s' expects a matching 'char *' argument [-Wformat=]
   printf("%2zu OR %2zu = %3zu (%s)\n", A, B, r);
                                ~^
../src/alu.c:49:34: warning: format '%s' expects a matching 'char *' argument [-Wformat=]
   printf("%2zu XOR %2zu = %3zu (%s)\n", A, B, r);
                                 ~^
../src/alu.c:58:34: warning: format '%s' expects a matching 'char *' argument [-Wformat=]
   printf("%2zu NOR %2zu = %3zu (%s)\n", A, B, r);
                                 ~^
../src/alu.c:74:40: warning: format '%s' expects argument of type 'char *', but argument 5 has type 'int' [-Wformat=]
    printf("%2zu logic << %2zu = %3zu (%s)\n", A, i, r, (r == A<<i));
                                       ~^               ~~~~~~~~~~~
                                       %d
../src/alu.c:88:45: warning: format '%s' expects a matching 'char *' argument [-Wformat=]
    printf("%2zd arithmetic << %2zu = %3zd (%s)\n", A, i, r);
                                            ~^
../src/alu.c:102:42: warning: format '%s' expects a matching 'char *' argument [-Wformat=]
    printf("%2zu logical >> %2zu = %3zu (%s)\n", A, i, r);
                                         ~^
../src/alu.c:116:45: warning: format '%s' expects a matching 'char *' argument [-Wformat=]
    printf("%2zd arithmetic >> %2zu = %3zd (%s)\n", A, i, r);
                                            ~^
../src/alu.c:129:41: warning: format '%s' expects a matching 'char *' argument [-Wformat=]
   printf("%2zd less than %2zd == %3zu (%s)\n", A, B, r);
                                        ~^
../src/alu.c:140:42: warning: format '%s' expects a matching 'char *' argument [-Wformat=]
    printf("%2zd less than %2zd == %3zu (%s)\n", A, B, r);
                                         ~^
../src/alu.c:152:33: warning: format '%s' expects a matching 'char *' argument [-Wformat=]
   printf("%2zd + %2zd == %3zd (%s)\n", A, B, r);
                                ~^
../src/alu.c:163:33: warning: format '%s' expects a matching 'char *' argument [-Wformat=]
   printf("%2zu + %2zu == %3zu (%s)\n", A, B, r);
                                ~^
../src/alu.c:174:33: warning: format '%s' expects a matching 'char *' argument [-Wformat=]
   printf("%2zd - %2zd == %3zd (%s)\n", A, B, r);
                                ~^
../src/alu.c:185:33: warning: format '%s' expects a matching 'char *' argument [-Wformat=]
   printf("%2zu - %2zu == %3zu (%s)\n", A, B, r);
                                ~^
'Finished building: ../src/alu.c'
' '
'Building target: ALU.elf'
'Invoking: ARM v7 gcc linker'
arm-none-eabi-gcc -mcpu=cortex-a9 -mfpu=vfpv3 -mfloat-abi=hard -Wl,-build-id=none -specs=Xilinx.spec -Wl,-T -Wl,../src/lscript.ld -L../../Lab02_bsp/ps7_cortexa9_0/lib -o "ALU.elf"  ./src/alu.o   -Wl,--start-group,-lxil,-lgcc,-lc,--end-group
'Finished building target: ALU.elf'
' '
'Invoking: ARM v7 Print Size'
arm-none-eabi-size ALU.elf  |tee "ALU.elf.size"
   text	   data	    bss	    dec	    hex	filename
  73180	   2580	  23328	  99088	  18310	ALU.elf
'Finished building: ALU.elf.size'
' '
17:41:47 **** Auto Build of configuration Debug for project ALU ****
make pre-build main-build 
a9-linaro-pre-build-step
' '
'Building file: ../src/alu.c'
'Invoking: ARM v7 gcc compiler'
arm-none-eabi-gcc -Wall -O0 -g3 -c -fmessage-length=0 -MT"src/alu.o" -mcpu=cortex-a9 -mfpu=vfpv3 -mfloat-abi=hard -I../../Lab02_bsp/ps7_cortexa9_0/include -MMD -MP -MF"src/alu.d" -MT"src/alu.o" -o "src/alu.o" "../src/alu.c"
../src/alu.c: In function 'main':
../src/alu.c:31:34: warning: format '%s' expects a matching 'char *' argument [-Wformat=]
   printf("%2zu AND %2zu = %3zu (%s)\n", A, B, r);
                                 ~^
../src/alu.c:40:33: warning: format '%s' expects a matching 'char *' argument [-Wformat=]
   printf("%2zu OR %2zu = %3zu (%s)\n", A, B, r);
                                ~^
../src/alu.c:49:34: warning: format '%s' expects a matching 'char *' argument [-Wformat=]
   printf("%2zu XOR %2zu = %3zu (%s)\n", A, B, r);
                                 ~^
../src/alu.c:58:34: warning: format '%s' expects a matching 'char *' argument [-Wformat=]
   printf("%2zu NOR %2zu = %3zu (%s)\n", A, B, r);
                                 ~^
../src/alu.c:74:40: warning: format '%s' expects argument of type 'char *', but argument 5 has type 'int' [-Wformat=]
    printf("%2zu logic << %2zu = %3zu (%s)\n", A, i, r, (r == A<<i));
                                       ~^               ~~~~~~~~~~~
                                       %d
../src/alu.c:88:45: warning: format '%s' expects a matching 'char *' argument [-Wformat=]
    printf("%2zd arithmetic << %2zu = %3zd (%s)\n", A, i, r);
                                            ~^
../src/alu.c:102:42: warning: format '%s' expects a matching 'char *' argument [-Wformat=]
    printf("%2zu logical >> %2zu = %3zu (%s)\n", A, i, r);
                                         ~^
../src/alu.c:116:45: warning: format '%s' expects a matching 'char *' argument [-Wformat=]
    printf("%2zd arithmetic >> %2zu = %3zd (%s)\n", A, i, r);
                                            ~^
../src/alu.c:131:41: warning: format '%s' expects a matching 'char *' argument [-Wformat=]
   printf("%2zd less than %2zd == %3zu (%s)\n", A, B, r);
                                        ~^
../src/alu.c:142:42: warning: format '%s' expects a matching 'char *' argument [-Wformat=]
    printf("%2zd less than %2zd == %3zu (%s)\n", A, B, r);
                                         ~^
../src/alu.c:156:33: warning: format '%s' expects a matching 'char *' argument [-Wformat=]
   printf("%2zd + %2zd == %3zd (%s)\n", A, B, r);
                                ~^
../src/alu.c:167:33: warning: format '%s' expects a matching 'char *' argument [-Wformat=]
   printf("%2zu + %2zu == %3zu (%s)\n", A, B, r);
                                ~^
../src/alu.c:178:33: warning: format '%s' expects a matching 'char *' argument [-Wformat=]
   printf("%2zd - %2zd == %3zd (%s)\n", A, B, r);
                                ~^
../src/alu.c:189:33: warning: format '%s' expects a matching 'char *' argument [-Wformat=]
   printf("%2zu - %2zu == %3zu (%s)\n", A, B, r);
                                ~^
'Finished building: ../src/alu.c'
' '
'Building target: ALU.elf'
'Invoking: ARM v7 gcc linker'
arm-none-eabi-gcc -mcpu=cortex-a9 -mfpu=vfpv3 -mfloat-abi=hard -Wl,-build-id=none -specs=Xilinx.spec -Wl,-T -Wl,../src/lscript.ld -L../../Lab02_bsp/ps7_cortexa9_0/lib -o "ALU.elf"  ./src/alu.o   -Wl,--start-group,-lxil,-lgcc,-lc,--end-group
'Finished building target: ALU.elf'
' '
'Invoking: ARM v7 Print Size'
arm-none-eabi-size ALU.elf  |tee "ALU.elf.size"
   text	   data	    bss	    dec	    hex	filename
  73180	   2580	  23328	  99088	  18310	ALU.elf
'Finished building: ALU.elf.size'
' '
17:42:16 **** Auto Build of configuration Debug for project ALU ****
make pre-build main-build 
a9-linaro-pre-build-step
' '
'Building file: ../src/alu.c'
'Invoking: ARM v7 gcc compiler'
arm-none-eabi-gcc -Wall -O0 -g3 -c -fmessage-length=0 -MT"src/alu.o" -mcpu=cortex-a9 -mfpu=vfpv3 -mfloat-abi=hard -I../../Lab02_bsp/ps7_cortexa9_0/include -MMD -MP -MF"src/alu.d" -MT"src/alu.o" -o "src/alu.o" "../src/alu.c"
../src/alu.c: In function 'main':
../src/alu.c:31:34: warning: format '%s' expects a matching 'char *' argument [-Wformat=]
   printf("%2zu AND %2zu = %3zu (%s)\n", A, B, r);
                                 ~^
../src/alu.c:40:33: warning: format '%s' expects a matching 'char *' argument [-Wformat=]
   printf("%2zu OR %2zu = %3zu (%s)\n", A, B, r);
                                ~^
../src/alu.c:49:34: warning: format '%s' expects a matching 'char *' argument [-Wformat=]
   printf("%2zu XOR %2zu = %3zu (%s)\n", A, B, r);
                                 ~^
../src/alu.c:58:34: warning: format '%s' expects a matching 'char *' argument [-Wformat=]
   printf("%2zu NOR %2zu = %3zu (%s)\n", A, B, r);
                                 ~^
../src/alu.c:72:41: warning: format '%s' expects a matching 'char *' argument [-Wformat=]
   printf("%2zd less than %2zd == %3zu (%s)\n", A, B, r);
                                        ~^
../src/alu.c:83:42: warning: format '%s' expects a matching 'char *' argument [-Wformat=]
    printf("%2zd less than %2zd == %3zu (%s)\n", A, B, r);
                                         ~^
../src/alu.c:99:40: warning: format '%s' expects argument of type 'char *', but argument 5 has type 'int' [-Wformat=]
    printf("%2zu logic << %2zu = %3zu (%s)\n", A, i, r, (r == A<<i));
                                       ~^               ~~~~~~~~~~~
                                       %d
../src/alu.c:113:45: warning: format '%s' expects a matching 'char *' argument [-Wformat=]
    printf("%2zd arithmetic << %2zu = %3zd (%s)\n", A, i, r);
                                            ~^
../src/alu.c:127:42: warning: format '%s' expects a matching 'char *' argument [-Wformat=]
    printf("%2zu logical >> %2zu = %3zu (%s)\n", A, i, r);
                                         ~^
../src/alu.c:141:45: warning: format '%s' expects a matching 'char *' argument [-Wformat=]
    printf("%2zd arithmetic >> %2zu = %3zd (%s)\n", A, i, r);
                                            ~^
../src/alu.c:159:33: warning: format '%s' expects a matching 'char *' argument [-Wformat=]
   printf("%2zd + %2zd == %3zd (%s)\n", A, B, r);
                                ~^
../src/alu.c:170:33: warning: format '%s' expects a matching 'char *' argument [-Wformat=]
   printf("%2zu + %2zu == %3zu (%s)\n", A, B, r);
                                ~^
../src/alu.c:181:33: warning: format '%s' expects a matching 'char *' argument [-Wformat=]
   printf("%2zd - %2zd == %3zd (%s)\n", A, B, r);
                                ~^
../src/alu.c:192:33: warning: format '%s' expects a matching 'char *' argument [-Wformat=]
   printf("%2zu - %2zu == %3zu (%s)\n", A, B, r);
                                ~^
'Finished building: ../src/alu.c'
' '
'Building target: ALU.elf'
'Invoking: ARM v7 gcc linker'
arm-none-eabi-gcc -mcpu=cortex-a9 -mfpu=vfpv3 -mfloat-abi=hard -Wl,-build-id=none -specs=Xilinx.spec -Wl,-T -Wl,../src/lscript.ld -L../../Lab02_bsp/ps7_cortexa9_0/lib -o "ALU.elf"  ./src/alu.o   -Wl,--start-group,-lxil,-lgcc,-lc,--end-group
'Finished building target: ALU.elf'
' '
'Invoking: ARM v7 Print Size'
arm-none-eabi-size ALU.elf  |tee "ALU.elf.size"
   text	   data	    bss	    dec	    hex	filename
  73180	   2580	  23328	  99088	  18310	ALU.elf
'Finished building: ALU.elf.size'
' '
17:42:39 **** Auto Build of configuration Debug for project ALU ****
make pre-build main-build 
a9-linaro-pre-build-step
' '
'Building file: ../src/alu.c'
'Invoking: ARM v7 gcc compiler'
arm-none-eabi-gcc -Wall -O0 -g3 -c -fmessage-length=0 -MT"src/alu.o" -mcpu=cortex-a9 -mfpu=vfpv3 -mfloat-abi=hard -I../../Lab02_bsp/ps7_cortexa9_0/include -MMD -MP -MF"src/alu.d" -MT"src/alu.o" -o "src/alu.o" "../src/alu.c"
../src/alu.c: In function 'main':
../src/alu.c:31:34: warning: format '%s' expects a matching 'char *' argument [-Wformat=]
   printf("%2zu AND %2zu = %3zu (%s)\n", A, B, r);
                                 ~^
../src/alu.c:40:33: warning: format '%s' expects a matching 'char *' argument [-Wformat=]
   printf("%2zu OR %2zu = %3zu (%s)\n", A, B, r);
                                ~^
../src/alu.c:49:34: warning: format '%s' expects a matching 'char *' argument [-Wformat=]
   printf("%2zu XOR %2zu = %3zu (%s)\n", A, B, r);
                                 ~^
../src/alu.c:58:34: warning: format '%s' expects a matching 'char *' argument [-Wformat=]
   printf("%2zu NOR %2zu = %3zu (%s)\n", A, B, r);
                                 ~^
../src/alu.c:72:41: warning: format '%s' expects a matching 'char *' argument [-Wformat=]
   printf("%2zd less than %2zd == %3zu (%s)\n", A, B, r);
                                        ~^
../src/alu.c:83:42: warning: format '%s' expects a matching 'char *' argument [-Wformat=]
    printf("%2zd less than %2zd == %3zu (%s)\n", A, B, r);
                                         ~^
../src/alu.c:99:40: warning: format '%s' expects argument of type 'char *', but argument 5 has type 'int' [-Wformat=]
    printf("%2zu logic << %2zu = %3zu (%s)\n", A, i, r, (r == A<<i));
                                       ~^               ~~~~~~~~~~~
                                       %d
../src/alu.c:113:45: warning: format '%s' expects a matching 'char *' argument [-Wformat=]
    printf("%2zd arithmetic << %2zu = %3zd (%s)\n", A, i, r);
                                            ~^
../src/alu.c:127:42: warning: format '%s' expects a matching 'char *' argument [-Wformat=]
    printf("%2zu logical >> %2zu = %3zu (%s)\n", A, i, r);
                                         ~^
../src/alu.c:141:45: warning: format '%s' expects a matching 'char *' argument [-Wformat=]
    printf("%2zd arithmetic >> %2zu = %3zd (%s)\n", A, i, r);
                                            ~^
../src/alu.c:156:33: warning: format '%s' expects a matching 'char *' argument [-Wformat=]
   printf("%2zd + %2zd == %3zd (%s)\n", A, B, r);
                                ~^
../src/alu.c:167:33: warning: format '%s' expects a matching 'char *' argument [-Wformat=]
   printf("%2zu + %2zu == %3zu (%s)\n", A, B, r);
                                ~^
../src/alu.c:178:33: warning: format '%s' expects a matching 'char *' argument [-Wformat=]
   printf("%2zd - %2zd == %3zd (%s)\n", A, B, r);
                                ~^
../src/alu.c:189:33: warning: format '%s' expects a matching 'char *' argument [-Wformat=]
   printf("%2zu - %2zu == %3zu (%s)\n", A, B, r);
                                ~^
'Finished building: ../src/alu.c'
' '
'Building target: ALU.elf'
'Invoking: ARM v7 gcc linker'
arm-none-eabi-gcc -mcpu=cortex-a9 -mfpu=vfpv3 -mfloat-abi=hard -Wl,-build-id=none -specs=Xilinx.spec -Wl,-T -Wl,../src/lscript.ld -L../../Lab02_bsp/ps7_cortexa9_0/lib -o "ALU.elf"  ./src/alu.o   -Wl,--start-group,-lxil,-lgcc,-lc,--end-group
'Finished building target: ALU.elf'
' '
'Invoking: ARM v7 Print Size'
arm-none-eabi-size ALU.elf  |tee "ALU.elf.size"
   text	   data	    bss	    dec	    hex	filename
  73180	   2580	  23328	  99088	  18310	ALU.elf
'Finished building: ALU.elf.size'
' '
17:43:17 **** Incremental Build of configuration Debug for project ALU ****
make pre-build main-build 
a9-linaro-pre-build-step
' '
make: Nothing to be done for 'main-build'.
17:44:19 **** Auto Build of configuration Debug for project ALU ****
make pre-build main-build 
a9-linaro-pre-build-step
' '
'Building file: ../src/alu.c'
'Invoking: ARM v7 gcc compiler'
arm-none-eabi-gcc -Wall -O0 -g3 -c -fmessage-length=0 -MT"src/alu.o" -mcpu=cortex-a9 -mfpu=vfpv3 -mfloat-abi=hard -I../../Lab02_bsp/ps7_cortexa9_0/include -MMD -MP -MF"src/alu.d" -MT"src/alu.o" -o "src/alu.o" "../src/alu.c"
../src/alu.c: In function 'main':
../src/alu.c:31:34: warning: format '%s' expects a matching 'char *' argument [-Wformat=]
   printf("%2zu AND %2zu = %3zu (%s)\n", A, B, r);
                                 ~^
../src/alu.c:40:33: warning: format '%s' expects a matching 'char *' argument [-Wformat=]
   printf("%2zu OR %2zu = %3zu (%s)\n", A, B, r);
                                ~^
../src/alu.c:49:34: warning: format '%s' expects a matching 'char *' argument [-Wformat=]
   printf("%2zu XOR %2zu = %3zu (%s)\n", A, B, r);
                                 ~^
../src/alu.c:58:34: warning: format '%s' expects a matching 'char *' argument [-Wformat=]
   printf("%2zu NOR %2zu = %3zu (%s)\n", A, B, r);
                                 ~^
../src/alu.c:74:40: warning: format '%s' expects argument of type 'char *', but argument 5 has type 'int' [-Wformat=]
    printf("%2zu logic << %2zu = %3zu (%s)\n", A, i, r, (r == A<<i));
                                       ~^               ~~~~~~~~~~~
                                       %d
../src/alu.c:88:45: warning: format '%s' expects a matching 'char *' argument [-Wformat=]
    printf("%2zd arithmetic << %2zu = %3zd (%s)\n", A, i, r);
                                            ~^
../src/alu.c:102:42: warning: format '%s' expects a matching 'char *' argument [-Wformat=]
    printf("%2zu logical >> %2zu = %3zu (%s)\n", A, i, r);
                                         ~^
../src/alu.c:116:45: warning: format '%s' expects a matching 'char *' argument [-Wformat=]
    printf("%2zd arithmetic >> %2zu = %3zd (%s)\n", A, i, r);
                                            ~^
../src/alu.c:131:41: warning: format '%s' expects a matching 'char *' argument [-Wformat=]
   printf("%2zd less than %2zd == %3zu (%s)\n", A, B, r);
                                        ~^
../src/alu.c:142:42: warning: format '%s' expects a matching 'char *' argument [-Wformat=]
    printf("%2zd less than %2zd == %3zu (%s)\n", A, B, r);
                                         ~^
../src/alu.c:156:33: warning: format '%s' expects a matching 'char *' argument [-Wformat=]
   printf("%2zd + %2zd == %3zd (%s)\n", A, B, r);
                                ~^
../src/alu.c:167:33: warning: format '%s' expects a matching 'char *' argument [-Wformat=]
   printf("%2zu + %2zu == %3zu (%s)\n", A, B, r);
                                ~^
../src/alu.c:178:33: warning: format '%s' expects a matching 'char *' argument [-Wformat=]
   printf("%2zd - %2zd == %3zd (%s)\n", A, B, r);
                                ~^
../src/alu.c:189:33: warning: format '%s' expects a matching 'char *' argument [-Wformat=]
   printf("%2zu - %2zu == %3zu (%s)\n", A, B, r);
                                ~^
'Finished building: ../src/alu.c'
' '
'Building target: ALU.elf'
'Invoking: ARM v7 gcc linker'
arm-none-eabi-gcc -mcpu=cortex-a9 -mfpu=vfpv3 -mfloat-abi=hard -Wl,-build-id=none -specs=Xilinx.spec -Wl,-T -Wl,../src/lscript.ld -L../../Lab02_bsp/ps7_cortexa9_0/lib -o "ALU.elf"  ./src/alu.o   -Wl,--start-group,-lxil,-lgcc,-lc,--end-group
'Finished building target: ALU.elf'
' '
'Invoking: ARM v7 Print Size'
arm-none-eabi-size ALU.elf  |tee "ALU.elf.size"
   text	   data	    bss	    dec	    hex	filename
  73180	   2580	  23328	  99088	  18310	ALU.elf
'Finished building: ALU.elf.size'
' '
17:44:34 **** Incremental Build of configuration Debug for project ALU ****
make pre-build main-build 
a9-linaro-pre-build-step
' '
make: Nothing to be done for 'main-build'.
17:45:29 **** Auto Build of configuration Debug for project ALU ****
make pre-build main-build 
a9-linaro-pre-build-step
' '
'Building file: ../src/alu.c'
'Invoking: ARM v7 gcc compiler'
arm-none-eabi-gcc -Wall -O0 -g3 -c -fmessage-length=0 -MT"src/alu.o" -mcpu=cortex-a9 -mfpu=vfpv3 -mfloat-abi=hard -I../../Lab02_bsp/ps7_cortexa9_0/include -MMD -MP -MF"src/alu.d" -MT"src/alu.o" -o "src/alu.o" "../src/alu.c"
'Finished building: ../src/alu.c'
' '
'Building target: ALU.elf'
[...]
../src/alu.c:102:42: warning: format '%s' expects a matching 'char *' argument [-Wformat=]
    printf("%2zu logical >> %2zu = %3zu (%s)\n", A, i, r);
                                         ~^
../src/alu.c:116:45: warning: format '%s' expects a matching 'char *' argument [-Wformat=]
    printf("%2zd arithmetic >> %2zu = %3zd (%s)\n", A, i, r);
                                            ~^
../src/alu.c:131:41: warning: format '%s' expects a matching 'char *' argument [-Wformat=]
   printf("%2zd less than %2zd == %3zu (%s)\n", A, B, r);
                                        ~^
../src/alu.c:142:42: warning: format '%s' expects a matching 'char *' argument [-Wformat=]
    printf("%2zd less than %2zd == %3zu (%s)\n", A, B, r);
                                         ~^
../src/alu.c:156:33: warning: format '%s' expects a matching 'char *' argument [-Wformat=]
   printf("%2zd + %2zd == %3zd (%s)\n", A, B, r);
                                ~^
../src/alu.c:167:33: warning: format '%s' expects a matching 'char *' argument [-Wformat=]
   printf("%2zu + %2zu == %3zu (%s)\n", A, B, r);
                                ~^
../src/alu.c:178:33: warning: format '%s' expects a matching 'char *' argument [-Wformat=]
   printf("%2zd - %2zd == %3zd (%s)\n", A, B, r);
                                ~^
../src/alu.c:189:33: warning: format '%s' expects a matching 'char *' argument [-Wformat=]
   printf("%2zu - %2zu == %3zu (%s)\n", A, B, r);
                                ~^
'Finished building: ../src/alu.c'
' '
'Building target: ALU.elf'
'Invoking: ARM v7 gcc linker'
arm-none-eabi-gcc -mcpu=cortex-a9 -mfpu=vfpv3 -mfloat-abi=hard -Wl,-build-id=none -specs=Xilinx.spec -Wl,-T -Wl,../src/lscript.ld -L../../Lab02_bsp/ps7_cortexa9_0/lib -o "ALU.elf"  ./src/alu.o   -Wl,--start-group,-lxil,-lgcc,-lc,--end-group
'Finished building target: ALU.elf'
' '
'Invoking: ARM v7 Print Size'
arm-none-eabi-size ALU.elf  |tee "ALU.elf.size"
   text	   data	    bss	    dec	    hex	filename
  73180	   2580	  23328	  99088	  18310	ALU.elf
'Finished building: ALU.elf.size'
' '
17:48:07 **** Incremental Build of configuration Debug for project ALU ****
make pre-build main-build 
a9-linaro-pre-build-step
' '
make: Nothing to be done for 'main-build'.
17:48:47 **** Auto Build of configuration Debug for project ALU ****
make pre-build main-build 
a9-linaro-pre-build-step
' '
'Building file: ../src/alu.c'
'Invoking: ARM v7 gcc compiler'
arm-none-eabi-gcc -Wall -O0 -g3 -c -fmessage-length=0 -MT"src/alu.o" -mcpu=cortex-a9 -mfpu=vfpv3 -mfloat-abi=hard -I../../Lab02_bsp/ps7_cortexa9_0/include -MMD -MP -MF"src/alu.d" -MT"src/alu.o" -o "src/alu.o" "../src/alu.c"
../src/alu.c: In function 'main':
../src/alu.c:74:11: warning: too many arguments for format [-Wformat-extra-args]
    printf("%2zu logic << %2zu = %3zu \n", A, i, r, (r == A<<i));
           ^~~~~~~~~~~~~~~~~~~~~~~~~~~~~~
../src/alu.c:131:41: warning: format '%s' expects a matching 'char *' argument [-Wformat=]
   printf("%2zd less than %2zd == %3zu (%s)\n", A, B, r);
                                        ~^
../src/alu.c:142:42: warning: format '%s' expects a matching 'char *' argument [-Wformat=]
    printf("%2zd less than %2zd == %3zu (%s)\n", A, B, r);
                                         ~^
../src/alu.c:156:33: warning: format '%s' expects a matching 'char *' argument [-Wformat=]
   printf("%2zd + %2zd == %3zd (%s)\n", A, B, r);
                                ~^
../src/alu.c:167:33: warning: format '%s' expects a matching 'char *' argument [-Wformat=]
   printf("%2zu + %2zu == %3zu (%s)\n", A, B, r);
                                ~^
../src/alu.c:178:33: warning: format '%s' expects a matching 'char *' argument [-Wformat=]
   printf("%2zd - %2zd == %3zd (%s)\n", A, B, r);
                                ~^
../src/alu.c:189:33: warning: format '%s' expects a matching 'char *' argument [-Wformat=]
   printf("%2zu - %2zu == %3zu (%s)\n", A, B, r);
                                ~^
'Finished building: ../src/alu.c'
' '
'Building target: ALU.elf'
'Invoking: ARM v7 gcc linker'
arm-none-eabi-gcc -mcpu=cortex-a9 -mfpu=vfpv3 -mfloat-abi=hard -Wl,-build-id=none -specs=Xilinx.spec -Wl,-T -Wl,../src/lscript.ld -L../../Lab02_bsp/ps7_cortexa9_0/lib -o "ALU.elf"  ./src/alu.o   -Wl,--start-group,-lxil,-lgcc,-lc,--end-group
'Finished building target: ALU.elf'
' '
'Invoking: ARM v7 Print Size'
arm-none-eabi-size ALU.elf  |tee "ALU.elf.size"
   text	   data	    bss	    dec	    hex	filename
  73148	   2580	  23328	  99056	  182f0	ALU.elf
'Finished building: ALU.elf.size'
' '
17:48:59 **** Incremental Build of configuration Debug for project ALU ****
make pre-build main-build 
a9-linaro-pre-build-step
' '
make: Nothing to be done for 'main-build'.
17:49:52 **** Incremental Build of configuration Debug for project ALU ****
make pre-build main-build 
a9-linaro-pre-build-step
' '
make: Nothing to be done for 'main-build'.
17:50:46 **** Auto Build of configuration Debug for project ALU ****
make pre-build main-build 
a9-linaro-pre-build-step
' '
'Building file: ../src/alu.c'
'Invoking: ARM v7 gcc compiler'
arm-none-eabi-gcc -Wall -O0 -g3 -c -fmessage-length=0 -MT"src/alu.o" -mcpu=cortex-a9 -mfpu=vfpv3 -mfloat-abi=hard -I../../Lab02_bsp/ps7_cortexa9_0/include -MMD -MP -MF"src/alu.d" -MT"src/alu.o" -o "src/alu.o" "../src/alu.c"
../src/alu.c: In function 'main':
../src/alu.c:31:34: warning: format '%s' expects a matching 'char *' argument [-Wformat=]
   printf("%2zu AND %2zu = %3zu (%s)\n", A, B, r);
                                 ~^
../src/alu.c:40:33: warning: format '%s' expects a matching 'char *' argument [-Wformat=]
   printf("%2zu OR %2zu = %3zu (%s)\n", A, B, r);
                                ~^
../src/alu.c:49:34: warning: format '%s' expects a matching 'char *' argument [-Wformat=]
   printf("%2zu XOR %2zu = %3zu (%s)\n", A, B, r);
                                 ~^
../src/alu.c:58:34: warning: format '%s' expects a matching 'char *' argument [-Wformat=]
   printf("%2zu NOR %2zu = %3zu (%s)\n", A, B, r);
                                 ~^
../src/alu.c:74:40: warning: format '%s' expects argument of type 'char *', but argument 5 has type 'int' [-Wformat=]
    printf("%2zu logic << %2zu = %3zu (%s)\n", A, i, r, (r == A<<i));
                                       ~^               ~~~~~~~~~~~
                                       %d
../src/alu.c:88:45: warning: format '%s' expects a matching 'char *' argument [-Wformat=]
    printf("%2zd arithmetic << %2zu = %3zd (%s)\n", A, i, r);
                                            ~^
../src/alu.c:102:42: warning: format '%s' expects a matching 'char *' argument [-Wformat=]
    printf("%2zu logical >> %2zu = %3zu (%s)\n", A, i, r);
                                         ~^
../src/alu.c:116:45: warning: format '%s' expects a matching 'char *' argument [-Wformat=]
    printf("%2zd arithmetic >> %2zu = %3zd (%s)\n", A, i, r);
                                            ~^
../src/alu.c:131:41: warning: format '%s' expects a matching 'char *' argument [-Wformat=]
   printf("%2zd less than %2zd == %3zu (%s)\n", A, B, r);
                                        ~^
../src/alu.c:142:42: warning: format '%s' expects a matching 'char *' argument [-Wformat=]
    printf("%2zd less than %2zd == %3zu (%s)\n", A, B, r);
                                         ~^
../src/alu.c:156:33: warning: format '%s' expects a matching 'char *' argument [-Wformat=]
   printf("%2zd + %2zd == %3zd (%s)\n", A, B, r);
                                ~^
../src/alu.c:167:33: warning: format '%s' expects a matching 'char *' argument [-Wformat=]
   printf("%2zu + %2zu == %3zu (%s)\n", A, B, r);
                                ~^
../src/alu.c:178:33: warning: format '%s' expects a matching 'char *' argument [-Wformat=]
   printf("%2zd - %2zd == %3zd (%s)\n", A, B, r);
                                ~^
../src/alu.c:189:33: warning: format '%s' expects a matching 'char *' argument [-Wformat=]
   printf("%2zu - %2zu == %3zu (%s)\n", A, B, r);
                                ~^
'Finished building: ../src/alu.c'
' '
'Building target: ALU.elf'
'Invoking: ARM v7 gcc linker'
arm-none-eabi-gcc -mcpu=cortex-a9 -mfpu=vfpv3 -mfloat-abi=hard -Wl,-build-id=none -specs=Xilinx.spec -Wl,-T -Wl,../src/lscript.ld -L../../Lab02_bsp/ps7_cortexa9_0/lib -o "ALU.elf"  ./src/alu.o   -Wl,--start-group,-lxil,-lgcc,-lc,--end-group
'Finished building target: ALU.elf'
' '
'Invoking: ARM v7 Print Size'
arm-none-eabi-size ALU.elf  |tee "ALU.elf.size"
   text	   data	    bss	    dec	    hex	filename
  73180	   2580	  23328	  99088	  18310	ALU.elf
'Finished building: ALU.elf.size'
' '
17:51:48 **** Auto Build of configuration Debug for project ALU ****
make pre-build main-build 
a9-linaro-pre-build-step
' '
'Building file: ../src/alu.c'
'Invoking: ARM v7 gcc compiler'
arm-none-eabi-gcc -Wall -O0 -g3 -c -fmessage-length=0 -MT"src/alu.o" -mcpu=cortex-a9 -mfpu=vfpv3 -mfloat-abi=hard -I../../Lab02_bsp/ps7_cortexa9_0/include -MMD -MP -MF"src/alu.d" -MT"src/alu.o" -o "src/alu.o" "../src/alu.c"
../src/alu.c: In function 'main':
../src/alu.c:74:11: warning: too many arguments for format [-Wformat-extra-args]
    printf("%2zu logic << %2zu = %3zu \n", A, i, r, (r == A<<i));
           ^~~~~~~~~~~~~~~~~~~~~~~~~~~~~~
'Finished building: ../src/alu.c'
' '
'Building target: ALU.elf'
'Invoking: ARM v7 gcc linker'
arm-none-eabi-gcc -mcpu=cortex-a9 -mfpu=vfpv3 -mfloat-abi=hard -Wl,-build-id=none -specs=Xilinx.spec -Wl,-T -Wl,../src/lscript.ld -L../../Lab02_bsp/ps7_cortexa9_0/lib -o "ALU.elf"  ./src/alu.o   -Wl,--start-group,-lxil,-lgcc,-lc,--end-group
'Finished building target: ALU.elf'
' '
'Invoking: ARM v7 Print Size'
arm-none-eabi-size ALU.elf  |tee "ALU.elf.size"
   text	   data	    bss	    dec	    hex	filename
  73132	   2580	  23328	  99040	  182e0	ALU.elf
'Finished building: ALU.elf.size'
' '
17:52:05 **** Incremental Build of configuration Debug for project ALU ****
make pre-build main-build 
a9-linaro-pre-build-step
' '
make: Nothing to be done for 'main-build'.
17:52:52 **** Auto Build of configuration Debug for project ALU ****
make pre-build main-build 
a9-linaro-pre-build-step
' '
'Building file: ../src/alu.c'
'Invoking: ARM v7 gcc compiler'
arm-none-eabi-gcc -Wall -O0 -g3 -c -fmessage-length=0 -MT"src/alu.o" -mcpu=cortex-a9 -mfpu=vfpv3 -mfloat-abi=hard -I../../Lab02_bsp/ps7_cortexa9_0/include -MMD -MP -MF"src/alu.d" -MT"src/alu.o" -o "src/alu.o" "../src/alu.c"
../src/alu.c: In function 'main':
../src/alu.c:74:11: warning: too many arguments for format [-Wformat-extra-args]
    printf("%2zu logic << %2zu = %3zu \n", A, i, r, (r == A<<i));
           ^~~~~~~~~~~~~~~~~~~~~~~~~~~~~~
'Finished building: ../src/alu.c'
' '
'Building target: ALU.elf'
'Invoking: ARM v7 gcc linker'
arm-none-eabi-gcc -mcpu=cortex-a9 -mfpu=vfpv3 -mfloat-abi=hard -Wl,-build-id=none -specs=Xilinx.spec -Wl,-T -Wl,../src/lscript.ld -L../../Lab02_bsp/ps7_cortexa9_0/lib -o "ALU.elf"  ./src/alu.o   -Wl,--start-group,-lxil,-lgcc,-lc,--end-group
'Finished building target: ALU.elf'
' '
'Invoking: ARM v7 Print Size'
arm-none-eabi-size ALU.elf  |tee "ALU.elf.size"
   text	   data	    bss	    dec	    hex	filename
  72876	   2580	  23328	  98784	  181e0	ALU.elf
'Finished building: ALU.elf.size'
' '
17:53:00 **** Incremental Build of configuration Debug for project ALU ****
make pre-build main-build 
a9-linaro-pre-build-step
' '
make: Nothing to be done for 'main-build'.
17:54:29 **** Incremental Build of configuration Debug for project ALU ****
make pre-build main-build 
a9-linaro-pre-build-step
' '
make: Nothing to be done for 'main-build'.
17:56:08 **** Auto Build of configuration Debug for project ALU ****
make pre-build main-build 
a9-linaro-pre-build-step
' '
'Building file: ../src/alu.c'
'Invoking: ARM v7 gcc compiler'
arm-none-eabi-gcc -Wall -O0 -g3 -c -fmessage-length=0 -MT"src/alu.o" -mcpu=cortex-a9 -mfpu=vfpv3 -mfloat-abi=hard -I../../Lab02_bsp/ps7_cortexa9_0/include -MMD -MP -MF"src/alu.d" -MT"src/alu.o" -o "src/alu.o" "../src/alu.c"
../src/alu.c: In function 'main':
../src/alu.c:74:11: warning: too many arguments for format [-Wformat-extra-args]
    printf("%2zu logic << %2zu = %3zu \n", A, i, r, (r == A<<i));
           ^~~~~~~~~~~~~~~~~~~~~~~~~~~~~~
'Finished building: ../src/alu.c'
' '
'Building target: ALU.elf'
'Invoking: ARM v7 gcc linker'
arm-none-eabi-gcc -mcpu=cortex-a9 -mfpu=vfpv3 -mfloat-abi=hard -Wl,-build-id=none -specs=Xilinx.spec -Wl,-T -Wl,../src/lscript.ld -L../../Lab02_bsp/ps7_cortexa9_0/lib -o "ALU.elf"  ./src/alu.o   -Wl,--start-group,-lxil,-lgcc,-lc,--end-group
'Finished building target: ALU.elf'
' '
'Invoking: ARM v7 Print Size'
arm-none-eabi-size ALU.elf  |tee "ALU.elf.size"
   text	   data	    bss	    dec	    hex	filename
  72964	   2580	  23328	  98872	  18238	ALU.elf
'Finished building: ALU.elf.size'
' '
17:56:38 **** Incremental Build of configuration Debug for project ALU ****
make pre-build main-build 
a9-linaro-pre-build-step
' '
make: Nothing to be done for 'main-build'.
10:21:57 **** Incremental Build of configuration Debug for project ALU ****
make pre-build main-build 
a9-linaro-pre-build-step
' '
make: Nothing to be done for 'main-build'.
10:23:06 **** Auto Build of configuration Debug for project ALU ****
make pre-build main-build 
a9-linaro-pre-build-step
' '
'Building file: ../src/alu.c'
'Invoking: ARM v7 gcc compiler'
arm-none-eabi-gcc -Wall -O0 -g3 -c -fmessage-length=0 -MT"src/alu.o" -mcpu=cortex-a9 -mfpu=vfpv3 -mfloat-abi=hard -I../../Lab02_bsp/ps7_cortexa9_0/include -MMD -MP -MF"src/alu.d" -MT"src/alu.o" -o "src/alu.o" "../src/alu.c"
../src/alu.c: In function 'main':
../src/alu.c:67:11: warning: too many arguments for format [-Wformat-extra-args]
    printf("%2zu logic << %2zu = %3zu \n", A, i, r, (r == A<<i));
           ^~~~~~~~~~~~~~~~~~~~~~~~~~~~~~
'Finished building: ../src/alu.c'
' '
'Building target: ALU.elf'
'Invoking: ARM v7 gcc linker'
arm-none-eabi-gcc -mcpu=cortex-a9 -mfpu=vfpv3 -mfloat-abi=hard -Wl,-build-id=none -specs=Xilinx.spec -Wl,-T -Wl,../src/lscript.ld -L../../Lab02_bsp/ps7_cortexa9_0/lib -o "ALU.elf"  ./src/alu.o   -Wl,--start-group,-lxil,-lgcc,-lc,--end-group
'Finished building target: ALU.elf'
' '
'Invoking: ARM v7 Print Size'
arm-none-eabi-size ALU.elf  |tee "ALU.elf.size"
   text	   data	    bss	    dec	    hex	filename
  72964	   2580	  23328	  98872	  18238	ALU.elf
'Finished building: ALU.elf.size'
' '
10:26:59 **** Auto Build of configuration Debug for project ALU ****
make pre-build main-build 
a9-linaro-pre-build-step
' '
'Building file: ../src/alu.c'
'Invoking: ARM v7 gcc compiler'
arm-none-eabi-gcc -Wall -O0 -g3 -c -fmessage-length=0 -MT"src/alu.o" -mcpu=cortex-a9 -mfpu=vfpv3 -mfloat-abi=hard -I../../Lab02_bsp/ps7_cortexa9_0/include -MMD -MP -MF"src/alu.d" -MT"src/alu.o" -o "src/alu.o" "../src/alu.c"
../src/alu.c: In function 'main':
../src/alu.c:67:11: warning: too many arguments for format [-Wformat-extra-args]
    printf("%2zu logic << %2zu = %3zu \n", A, i, r, (r == A<<i));
           ^~~~~~~~~~~~~~~~~~~~~~~~~~~~~~
'Finished building: ../src/alu.c'
' '
'Building target: ALU.elf'
'Invoking: ARM v7 gcc linker'
arm-none-eabi-gcc -mcpu=cortex-a9 -mfpu=vfpv3 -mfloat-abi=hard -Wl,-build-id=none -specs=Xilinx.spec -Wl,-T -Wl,../src/lscript.ld -L../../Lab02_bsp/ps7_cortexa9_0/lib -o "ALU.elf"  ./src/alu.o   -Wl,--start-group,-lxil,-lgcc,-lc,--end-group
'Finished building target: ALU.elf'
' '
'Invoking: ARM v7 Print Size'
arm-none-eabi-size ALU.elf  |tee "ALU.elf.size"
   text	   data	    bss	    dec	    hex	filename
  72964	   2580	  23328	  98872	  18238	ALU.elf
'Finished building: ALU.elf.size'
' '
10:27:04 **** Incremental Build of configuration Debug for project ALU ****
make pre-build main-build 
a9-linaro-pre-build-step
' '
make: Nothing to be done for 'main-build'.
10:28:18 **** Auto Build of configuration Debug for project ALU ****
make pre-build main-build 
a9-linaro-pre-build-step
' '
'Building file: ../src/alu.c'
'Invoking: ARM v7 gcc compiler'
arm-none-eabi-gcc -Wall -O0 -g3 -c -fmessage-length=0 -MT"src/alu.o" -mcpu=cortex-a9 -mfpu=vfpv3 -mfloat-abi=hard -I../../Lab02_bsp/ps7_cortexa9_0/include -MMD -MP -MF"src/alu.d" -MT"src/alu.o" -o "src/alu.o" "../src/alu.c"
../src/alu.c: In function 'main':
../src/alu.c:67:11: warning: too many arguments for format [-Wformat-extra-args]
    printf("%2zu logic << %2zu = %3zu \n", A, i, r, (r == A<<i));
           ^~~~~~~~~~~~~~~~~~~~~~~~~~~~~~
'Finished building: ../src/alu.c'
' '
'Building target: ALU.elf'
'Invoking: ARM v7 gcc linker'
arm-none-eabi-gcc -mcpu=cortex-a9 -mfpu=vfpv3 -mfloat-abi=hard -Wl,-build-id=none -specs=Xilinx.spec -Wl,-T -Wl,../src/lscript.ld -L../../Lab02_bsp/ps7_cortexa9_0/lib -o "ALU.elf"  ./src/alu.o   -Wl,--start-group,-lxil,-lgcc,-lc,--end-group
'Finished building target: ALU.elf'
' '
'Invoking: ARM v7 Print Size'
arm-none-eabi-size ALU.elf  |tee "ALU.elf.size"
   text	   data	    bss	    dec	    hex	filename
  72836	   2580	  23328	  98744	  181b8	ALU.elf
'Finished building: ALU.elf.size'
' '
10:28:22 **** Incremental Build of configuration Debug for project ALU ****
make pre-build main-build 
a9-linaro-pre-build-step
' '
make: Nothing to be done for 'main-build'.
10:29:03 **** Auto Build of configuration Debug for project ALU ****
make pre-build main-build 
a9-linaro-pre-build-step
' '
'Building file: ../src/alu.c'
'Invoking: ARM v7 gcc compiler'
arm-none-eabi-gcc -Wall -O0 -g3 -c -fmessage-length=0 -MT"src/alu.o" -mcpu=cortex-a9 -mfpu=vfpv3 -mfloat-abi=hard -I../../Lab02_bsp/ps7_cortexa9_0/include -MMD -MP -MF"src/alu.d" -MT"src/alu.o" -o "src/alu.o" "../src/alu.c"
../src/alu.c: In function 'main':
../src/alu.c:67:11: warning: too many arguments for format [-Wformat-extra-args]
    printf("%2zu logic << %2zu = %3zu \n", A, i, r, (r == A<<i));
           ^~~~~~~~~~~~~~~~~~~~~~~~~~~~~~
'Finished building: ../src/alu.c'
' '
'Building target: ALU.elf'
'Invoking: ARM v7 gcc linker'
arm-none-eabi-gcc -mcpu=cortex-a9 -mfpu=vfpv3 -mfloat-abi=hard -Wl,-build-id=none -specs=Xilinx.spec -Wl,-T -Wl,../src/lscript.ld -L../../Lab02_bsp/ps7_cortexa9_0/lib -o "ALU.elf"  ./src/alu.o   -Wl,--start-group,-lxil,-lgcc,-lc,--end-group
'Finished building target: ALU.elf'
' '
'Invoking: ARM v7 Print Size'
arm-none-eabi-size ALU.elf  |tee "ALU.elf.size"
   text	   data	    bss	    dec	    hex	filename
  72836	   2580	  23328	  98744	  181b8	ALU.elf
'Finished building: ALU.elf.size'
' '
10:29:07 **** Auto Build of configuration Debug for project ALU ****
make pre-build main-build 
a9-linaro-pre-build-step
' '
'Building file: ../src/alu.c'
'Invoking: ARM v7 gcc compiler'
arm-none-eabi-gcc -Wall -O0 -g3 -c -fmessage-length=0 -MT"src/alu.o" -mcpu=cortex-a9 -mfpu=vfpv3 -mfloat-abi=hard -I../../Lab02_bsp/ps7_cortexa9_0/include -MMD -MP -MF"src/alu.d" -MT"src/alu.o" -o "src/alu.o" "../src/alu.c"
../src/alu.c: In function 'main':
../src/alu.c:66:11: warning: too many arguments for format [-Wformat-extra-args]
    printf("%2zu logic << %2zu = %3zu \n", A, i, r, (r == A<<i));
           ^~~~~~~~~~~~~~~~~~~~~~~~~~~~~~
'Finished building: ../src/alu.c'
' '
'Building target: ALU.elf'
'Invoking: ARM v7 gcc linker'
arm-none-eabi-gcc -mcpu=cortex-a9 -mfpu=vfpv3 -mfloat-abi=hard -Wl,-build-id=none -specs=Xilinx.spec -Wl,-T -Wl,../src/lscript.ld -L../../Lab02_bsp/ps7_cortexa9_0/lib -o "ALU.elf"  ./src/alu.o   -Wl,--start-group,-lxil,-lgcc,-lc,--end-group
'Finished building target: ALU.elf'
' '
'Invoking: ARM v7 Print Size'
arm-none-eabi-size ALU.elf  |tee "ALU.elf.size"
   text	   data	    bss	    dec	    hex	filename
  72836	   2580	  23328	  98744	  181b8	ALU.elf
'Finished building: ALU.elf.size'
' '
11:01:53 **** Incremental Build of configuration Debug for project ALU ****
make pre-build main-build 
a9-linaro-pre-build-step
' '
make: Nothing to be done for 'main-build'.
11:04:35 **** Incremental Build of configuration Debug for project ALU ****
make pre-build main-build 
a9-linaro-pre-build-step
' '
make: Nothing to be done for 'main-build'.
